Archive member included to satisfy reference by file (symbol)

D:\Online Teaching\Udemy\Rev. Code\stm32f103c8-custom_hal_lib\Debug\libstm32f103c8-custom_hal_lib.a(stm32f1xx_hal.o)
                              src/main.o (HAL_Init)
D:\Online Teaching\Udemy\Rev. Code\stm32f103c8-custom_hal_lib\Debug\libstm32f103c8-custom_hal_lib.a(stm32f1xx_hal_cortex.o)
                              D:\Online Teaching\Udemy\Rev. Code\stm32f103c8-custom_hal_lib\Debug\libstm32f103c8-custom_hal_lib.a(stm32f1xx_hal.o) (HAL_NVIC_SetPriorityGrouping)
D:\Online Teaching\Udemy\Rev. Code\stm32f103c8-custom_hal_lib\Debug\libstm32f103c8-custom_hal_lib.a(stm32f1xx_hal_gpio.o)
                              src/main.o (HAL_GPIO_Init)
D:\Online Teaching\Udemy\Rev. Code\stm32f103c8-custom_hal_lib\Debug\libstm32f103c8-custom_hal_lib.a(stm32f1xx_hal_rcc.o)
                              src/main.o (HAL_RCC_OscConfig)
D:\Online Teaching\Udemy\Rev. Code\stm32f103c8-custom_hal_lib\Debug\libstm32f103c8-custom_hal_lib.a(stm32f1xx_hal_uart.o)
                              src/main.o (HAL_UART_Init)
D:\Online Teaching\Udemy\Rev. Code\stm32f103c8-custom_hal_lib\Debug\libstm32f103c8-custom_hal_lib.a(stm32f1xx_hal_dma.o)
                              D:\Online Teaching\Udemy\Rev. Code\stm32f103c8-custom_hal_lib\Debug\libstm32f103c8-custom_hal_lib.a(stm32f1xx_hal_uart.o) (HAL_DMA_Start_IT)
c:/ac6/systemworkbench/plugins/fr.ac6.mcu.externaltools.arm-none.win32_1.7.0.201602121829/tools/compiler/bin/../lib/gcc/arm-none-eabi/5.2.1/../../../../arm-none-eabi/lib/armv7-m\libc.a(lib_a-errno.o)
                              src/syscalls.o (__errno)
c:/ac6/systemworkbench/plugins/fr.ac6.mcu.externaltools.arm-none.win32_1.7.0.201602121829/tools/compiler/bin/../lib/gcc/arm-none-eabi/5.2.1/../../../../arm-none-eabi/lib/armv7-m\libc.a(lib_a-exit.o)
                              c:/ac6/systemworkbench/plugins/fr.ac6.mcu.externaltools.arm-none.win32_1.7.0.201602121829/tools/compiler/bin/../lib/gcc/arm-none-eabi/5.2.1/../../../../arm-none-eabi/lib/armv7-m/crt0.o (exit)
c:/ac6/systemworkbench/plugins/fr.ac6.mcu.externaltools.arm-none.win32_1.7.0.201602121829/tools/compiler/bin/../lib/gcc/arm-none-eabi/5.2.1/../../../../arm-none-eabi/lib/armv7-m\libc.a(lib_a-impure.o)
                              c:/ac6/systemworkbench/plugins/fr.ac6.mcu.externaltools.arm-none.win32_1.7.0.201602121829/tools/compiler/bin/../lib/gcc/arm-none-eabi/5.2.1/../../../../arm-none-eabi/lib/armv7-m\libc.a(lib_a-exit.o) (_global_impure_ptr)
c:/ac6/systemworkbench/plugins/fr.ac6.mcu.externaltools.arm-none.win32_1.7.0.201602121829/tools/compiler/bin/../lib/gcc/arm-none-eabi/5.2.1/../../../../arm-none-eabi/lib/armv7-m\libc.a(lib_a-init.o)
                              c:/ac6/systemworkbench/plugins/fr.ac6.mcu.externaltools.arm-none.win32_1.7.0.201602121829/tools/compiler/bin/../lib/gcc/arm-none-eabi/5.2.1/../../../../arm-none-eabi/lib/armv7-m/crt0.o (__libc_init_array)
c:/ac6/systemworkbench/plugins/fr.ac6.mcu.externaltools.arm-none.win32_1.7.0.201602121829/tools/compiler/bin/../lib/gcc/arm-none-eabi/5.2.1/../../../../arm-none-eabi/lib/armv7-m\libc.a(lib_a-memset.o)
                              c:/ac6/systemworkbench/plugins/fr.ac6.mcu.externaltools.arm-none.win32_1.7.0.201602121829/tools/compiler/bin/../lib/gcc/arm-none-eabi/5.2.1/../../../../arm-none-eabi/lib/armv7-m/crt0.o (memset)
c:/ac6/systemworkbench/plugins/fr.ac6.mcu.externaltools.arm-none.win32_1.7.0.201602121829/tools/compiler/bin/../lib/gcc/arm-none-eabi/5.2.1/../../../../arm-none-eabi/lib/armv7-m\libc.a(lib_a-__call_atexit.o)
                              c:/ac6/systemworkbench/plugins/fr.ac6.mcu.externaltools.arm-none.win32_1.7.0.201602121829/tools/compiler/bin/../lib/gcc/arm-none-eabi/5.2.1/../../../../arm-none-eabi/lib/armv7-m\libc.a(lib_a-exit.o) (__call_exitprocs)
c:/ac6/systemworkbench/plugins/fr.ac6.mcu.externaltools.arm-none.win32_1.7.0.201602121829/tools/compiler/bin/../lib/gcc/arm-none-eabi/5.2.1/../../../../arm-none-eabi/lib/armv7-m\libc.a(lib_a-atexit.o)
                              c:/ac6/systemworkbench/plugins/fr.ac6.mcu.externaltools.arm-none.win32_1.7.0.201602121829/tools/compiler/bin/../lib/gcc/arm-none-eabi/5.2.1/../../../../arm-none-eabi/lib/armv7-m\libc.a(lib_a-__call_atexit.o) (atexit)
c:/ac6/systemworkbench/plugins/fr.ac6.mcu.externaltools.arm-none.win32_1.7.0.201602121829/tools/compiler/bin/../lib/gcc/arm-none-eabi/5.2.1/../../../../arm-none-eabi/lib/armv7-m\libc.a(lib_a-fini.o)
                              c:/ac6/systemworkbench/plugins/fr.ac6.mcu.externaltools.arm-none.win32_1.7.0.201602121829/tools/compiler/bin/../lib/gcc/arm-none-eabi/5.2.1/../../../../arm-none-eabi/lib/armv7-m\libc.a(lib_a-__call_atexit.o) (__libc_fini_array)
c:/ac6/systemworkbench/plugins/fr.ac6.mcu.externaltools.arm-none.win32_1.7.0.201602121829/tools/compiler/bin/../lib/gcc/arm-none-eabi/5.2.1/../../../../arm-none-eabi/lib/armv7-m\libc.a(lib_a-__atexit.o)
[...]
Memory Configuration

Name             Origin             Length             Attributes
RAM              0x20000000         0x00005000         xrw
ROM              0x08000000         0x00010000         xr
*default*        0x00000000         0xffffffff

Linker script and memory map

LOAD c:/ac6/systemworkbench/plugins/fr.ac6.mcu.externaltools.arm-none.win32_1.7.0.201602121829/tools/compiler/bin/../lib/gcc/arm-none-eabi/5.2.1/armv7-m/crti.o
LOAD c:/ac6/systemworkbench/plugins/fr.ac6.mcu.externaltools.arm-none.win32_1.7.0.201602121829/tools/compiler/bin/../lib/gcc/arm-none-eabi/5.2.1/armv7-m/crtbegin.o
LOAD c:/ac6/systemworkbench/plugins/fr.ac6.mcu.externaltools.arm-none.win32_1.7.0.201602121829/tools/compiler/bin/../lib/gcc/arm-none-eabi/5.2.1/../../../../arm-none-eabi/lib/armv7-m/crt0.o
LOAD src/main.o
LOAD src/stm32f4xx_it.o
LOAD src/syscalls.o
LOAD src/system_stm32f1xx.o
LOAD startup/startup_stm32.o
LOAD D:\Online Teaching\Udemy\Rev. Code\stm32f103c8-custom_hal_lib\Debug\libstm32f103c8-custom_hal_lib.a
LOAD c:/ac6/systemworkbench/plugins/fr.ac6.mcu.externaltools.arm-none.win32_1.7.0.201602121829/tools/compiler/bin/../lib/gcc/arm-none-eabi/5.2.1/../../../../arm-none-eabi/lib/armv7-m\libstdc++.a
LOAD c:/ac6/systemworkbench/plugins/fr.ac6.mcu.externaltools.arm-none.win32_1.7.0.201602121829/tools/compiler/bin/../lib/gcc/arm-none-eabi/5.2.1/../../../../arm-none-eabi/lib/armv7-m\libm.a
START GROUP
LOAD c:/ac6/systemworkbench/plugins/fr.ac6.mcu.externaltools.arm-none.win32_1.7.0.201602121829/tools/compiler/bin/../lib/gcc/arm-none-eabi/5.2.1/armv7-m\libgcc.a
LOAD c:/ac6/systemworkbench/plugins/fr.ac6.mcu.externaltools.arm-none.win32_1.7.0.201602121829/tools/compiler/bin/../lib/gcc/arm-none-eabi/5.2.1/../../../../arm-none-eabi/lib/armv7-m\libc.a
END GROUP
LOAD c:/ac6/systemworkbench/plugins/fr.ac6.mcu.externaltools.arm-none.win32_1.7.0.201602121829/tools/compiler/bin/../lib/gcc/arm-none-eabi/5.2.1/armv7-m/crtend.o
LOAD c:/ac6/systemworkbench/plugins/fr.ac6.mcu.externaltools.arm-none.win32_1.7.0.201602121829/tools/compiler/bin/../lib/gcc/arm-none-eabi/5.2.1/armv7-m/crtn.o
                0x20005000                _estack = 0x20005000
                0x00000000                _Min_Heap_Size = 0x0
                0x00000400                _Min_Stack_Size = 0x400

.isr_vector     0x08000000      0x188
                0x08000000                . = ALIGN (0x4)
 *(.isr_vector)
 .isr_vector    0x08000000      0x188 startup/startup_stm32.o
                0x08000000                g_pfnVectors
                0x08000188                . = ALIGN (0x4)

.text           0x08000188     0x28f4
                0x08000188                . = ALIGN (0x4)
 *(.text)
 .text          0x08000188       0xa4 c:/ac6/systemworkbench/plugins/fr.ac6.mcu.externaltools.arm-none.win32_1.7.0.201602121829/tools/compiler/bin/../lib/gcc/arm-none-eabi/5.2.1/armv7-m/crtbegin.o
 *(.text*)
 .text.main     0x0800022c       0xac src/main.o
                0x0800022c                main
 .text.RCC_SystemClock_Config
                0x080002d8       0x6c src/main.o
                0x080002d8                RCC_SystemClock_Config
 .text.GPIO_Output_Config
                0x08000344       0x48 src/main.o
                0x08000344                GPIO_Output_Config
 .text.GPIO_Input_Config
                0x0800038c       0x48 src/main.o
                0x0800038c                GPIO_Input_Config
 .text.UART_Config
                0x080003d4       0x4c src/main.o
                0x080003d4                UART_Config
 .text.HAL_UART_MspInit
                0x08000420       0x78 src/main.o
                0x08000420                HAL_UART_MspInit
 .text.Error_Handler
                0x08000498       0x14 src/main.o
                0x08000498                Error_Handler
 .text.SysTick_Handler
                0x080004ac       0x10 src/stm32f4xx_it.o
                0x080004ac                SysTick_Handler
 .text.SystemInit
                0x080004bc       0x68 src/system_stm32f1xx.o
                0x080004bc                SystemInit
 .text.Reset_Handler
                0x08000524       0x48 startup/startup_stm32.o
                0x08000524                Reset_Handler
 .text.Default_Handler
                0x0800056c        0x2 startup/startup_stm32.o
                0x0800056c                DebugMon_Handler
                0x0800056c                HardFault_Handler
                0x0800056c                PendSV_Handler
                0x0800056c                NMI_Handler
                0x0800056c                UsageFault_Handler
                0x0800056c                Default_Handler
                0x0800056c                MemManage_Handler
                0x0800056c                SVC_Handler
                0x0800056c                BusFault_Handler
 *fill*         0x0800056e        0x2 
 .text.HAL_Init
                0x08000570       0x2c D:\Online Teaching\Udemy\Rev. Code\stm32f103c8-custom_hal_lib\Debug\libstm32f103c8-custom_hal_lib.a(stm32f1xx_hal.o)
                0x08000570                HAL_Init
 .text.HAL_MspInit
                0x0800059c        0xc D:\Online Teaching\Udemy\Rev. Code\stm32f103c8-custom_hal_lib\Debug\libstm32f103c8-custom_hal_lib.a(stm32f1xx_hal.o)
                0x0800059c                HAL_MspInit
 .text.HAL_InitTick
                0x080005a8       0x38 D:\Online Teaching\Udemy\Rev. Code\stm32f103c8-custom_hal_lib\Debug\libstm32f103c8-custom_hal_lib.a(stm32f1xx_hal.o)
                0x080005a8                HAL_InitTick
 .text.HAL_IncTick
                0x080005e0       0x1c D:\Online Teaching\Udemy\Rev. Code\stm32f103c8-custom_hal_lib\Debug\libstm32f103c8-custom_hal_lib.a(stm32f1xx_hal.o)
                0x080005e0                HAL_IncTick
 .text.HAL_GetTick
                0x080005fc       0x14 D:\Online Teaching\Udemy\Rev. Code\stm32f103c8-custom_hal_lib\Debug\libstm32f103c8-custom_hal_lib.a(stm32f1xx_hal.o)
                0x080005fc                HAL_GetTick
 .text.HAL_Delay
                0x08000610       0x2c D:\Online Teaching\Udemy\Rev. Code\stm32f103c8-custom_hal_lib\Debug\libstm32f103c8-custom_hal_lib.a(stm32f1xx_hal.o)
                0x08000610                HAL_Delay
 .text.NVIC_SetPriorityGrouping
                0x0800063c       0x48 D:\Online Teaching\Udemy\Rev. Code\stm32f103c8-custom_hal_lib\Debug\libstm32f103c8-custom_hal_lib.a(stm32f1xx_hal_cortex.o)
 .text.NVIC_GetPriorityGrouping
                0x08000684       0x1c D:\Online Teaching\Udemy\Rev. Code\stm32f103c8-custom_hal_lib\Debug\libstm32f103c8-custom_hal_lib.a(stm32f1xx_hal_cortex.o)
 .text.NVIC_SetPriority
                0x080006a0       0x54 D:\Online Teaching\Udemy\Rev. Code\stm32f103c8-custom_hal_lib\Debug\libstm32f103c8-custom_hal_lib.a(stm32f1xx_hal_cortex.o)
 .text.NVIC_EncodePriority
                0x080006f4       0x60 D:\Online Teaching\Udemy\Rev. Code\stm32f103c8-custom_hal_lib\Debug\libstm32f103c8-custom_hal_lib.a(stm32f1xx_hal_cortex.o)
 .text.SysTick_Config
                0x08000754       0x44 D:\Online Teaching\Udemy\Rev. Code\stm32f103c8-custom_hal_lib\Debug\libstm32f103c8-custom_hal_lib.a(stm32f1xx_hal_cortex.o)
 .text.HAL_NVIC_SetPriorityGrouping
                0x08000798       0x18 D:\Online Teaching\Udemy\Rev. Code\stm32f103c8-custom_hal_lib\Debug\libstm32f103c8-custom_hal_lib.a(stm32f1xx_hal_cortex.o)
                0x08000798                HAL_NVIC_SetPriorityGrouping
 .text.HAL_NVIC_SetPriority
                0x080007b0       0x38 D:\Online Teaching\Udemy\Rev. Code\stm32f103c8-custom_hal_lib\Debug\libstm32f103c8-custom_hal_lib.a(stm32f1xx_hal_cortex.o)
                0x080007b0                HAL_NVIC_SetPriority
 .text.HAL_SYSTICK_Config
                0x080007e8       0x18 D:\Online Teaching\Udemy\Rev. Code\stm32f103c8-custom_hal_lib\Debug\libstm32f103c8-custom_hal_lib.a(stm32f1xx_hal_cortex.o)
                0x080007e8                HAL_SYSTICK_Config
 .text.HAL_SYSTICK_IRQHandler
                0x08000800        0xc D:\Online Teaching\Udemy\Rev. Code\stm32f103c8-custom_hal_lib\Debug\libstm32f103c8-custom_hal_lib.a(stm32f1xx_hal_cortex.o)
                0x08000800                HAL_SYSTICK_IRQHandler
 .text.HAL_SYSTICK_Callback
                0x0800080c        0xc D:\Online Teaching\Udemy\Rev. Code\stm32f103c8-custom_hal_lib\Debug\libstm32f103c8-custom_hal_lib.a(stm32f1xx_hal_cortex.o)
                0x0800080c                HAL_SYSTICK_Callback
 .text.HAL_GPIO_Init
                0x08000818      0x2bc D:\Online Teaching\Udemy\Rev. Code\stm32f103c8-custom_hal_lib\Debug\libstm32f103c8-custom_hal_lib.a(stm32f1xx_hal_gpio.o)
                0x08000818                HAL_GPIO_Init
 .text.HAL_GPIO_ReadPin
                0x08000ad4       0x30 D:\Online Teaching\Udemy\Rev. Code\stm32f103c8-custom_hal_lib\Debug\libstm32f103c8-custom_hal_lib.a(stm32f1xx_hal_gpio.o)
                0x08000ad4                HAL_GPIO_ReadPin
 .text.HAL_GPIO_WritePin
                0x08000b04       0x30 D:\Online Teaching\Udemy\Rev. Code\stm32f103c8-custom_hal_lib\Debug\libstm32f103c8-custom_hal_lib.a(stm32f1xx_hal_gpio.o)
                0x08000b04                HAL_GPIO_WritePin
 .text.HAL_RCC_OscConfig
                0x08000b34     0x1028 D:\Online Teaching\Udemy\Rev. Code\stm32f103c8-custom_hal_lib\Debug\libstm32f103c8-custom_hal_lib.a(stm32f1xx_hal_rcc.o)
                0x08000b34                HAL_RCC_OscConfig
 .text.HAL_RCC_ClockConfig
                0x08001b5c      0x5dc D:\Online Teaching\Udemy\Rev. Code\stm32f103c8-custom_hal_lib\Debug\libstm32f103c8-custom_hal_lib.a(stm32f1xx_hal_rcc.o)
                0x08001b5c                HAL_RCC_ClockConfig
 .text.HAL_RCC_GetSysClockFreq
                0x08002138       0xf4 D:\Online Teaching\Udemy\Rev. Code\stm32f103c8-custom_hal_lib\Debug\libstm32f103c8-custom_hal_lib.a(stm32f1xx_hal_rcc.o)
                0x08002138                HAL_RCC_GetSysClockFreq
 .text.HAL_RCC_GetHCLKFreq
                0x0800222c       0x50 D:\Online Teaching\Udemy\Rev. Code\stm32f103c8-custom_hal_lib\Debug\libstm32f103c8-custom_hal_lib.a(stm32f1xx_hal_rcc.o)
                0x0800222c                HAL_RCC_GetHCLKFreq
 .text.HAL_RCC_GetPCLK1Freq
                0x0800227c       0x44 D:\Online Teaching\Udemy\Rev. Code\stm32f103c8-custom_hal_lib\Debug\libstm32f103c8-custom_hal_lib.a(stm32f1xx_hal_rcc.o)
                0x0800227c                HAL_RCC_GetPCLK1Freq
 .text.HAL_RCC_GetPCLK2Freq
                0x080022c0       0x44 D:\Online Teaching\Udemy\Rev. Code\stm32f103c8-custom_hal_lib\Debug\libstm32f103c8-custom_hal_lib.a(stm32f1xx_hal_rcc.o)
                0x080022c0                HAL_RCC_GetPCLK2Freq
 .text.HAL_UART_Init
                0x08002304       0x94 D:\Online Teaching\Udemy\Rev. Code\stm32f103c8-custom_hal_lib\Debug\libstm32f103c8-custom_hal_lib.a(stm32f1xx_hal_uart.o)
                0x08002304                HAL_UART_Init
 .text.HAL_UART_Transmit
                0x08002398      0x150 D:\Online Teaching\Udemy\Rev. Code\stm32f103c8-custom_hal_lib\Debug\libstm32f103c8-custom_hal_lib.a(stm32f1xx_hal_uart.o)
                0x08002398                HAL_UART_Transmit
 .text.HAL_UART_Receive
                0x080024e8      0x170 D:\Online Teaching\Udemy\Rev. Code\stm32f103c8-custom_hal_lib\Debug\libstm32f103c8-custom_hal_lib.a(stm32f1xx_hal_uart.o)
                0x080024e8                HAL_UART_Receive
 .text.HAL_UART_GetState
                0x08002658       0x1c D:\Online Teaching\Udemy\Rev. Code\stm32f103c8-custom_hal_lib\Debug\libstm32f103c8-custom_hal_lib.a(stm32f1xx_hal_uart.o)
                0x08002658                HAL_UART_GetState
 .text.UART_WaitOnFlagUntilTimeout
                0x08002674      0x134 D:\Online Teaching\Udemy\Rev. Code\stm32f103c8-custom_hal_lib\Debug\libstm32f103c8-custom_hal_lib.a(stm32f1xx_hal_uart.o)
 .text.UART_SetConfig
                0x080027a8      0x180 D:\Online Teaching\Udemy\Rev. Code\stm32f103c8-custom_hal_lib\Debug\libstm32f103c8-custom_hal_lib.a(stm32f1xx_hal_uart.o)
 .text.__libc_init_array
                0x08002928       0x50 c:/ac6/systemworkbench/plugins/fr.ac6.mcu.externaltools.arm-none.win32_1.7.0.201602121829/tools/compiler/bin/../lib/gcc/arm-none-eabi/5.2.1/../../../../arm-none-eabi/lib/armv7-m\libc.a(lib_a-init.o)
                0x08002928                __libc_init_array
 .text.startup.register_fini
                0x08002978       0x14 c:/ac6/systemworkbench/plugins/fr.ac6.mcu.externaltools.arm-none.win32_1.7.0.201602121829/tools/compiler/bin/../lib/gcc/arm-none-eabi/5.2.1/../../../../arm-none-eabi/lib/armv7-m\libc.a(lib_a-__call_atexit.o)
 .text.atexit   0x0800298c        0xc c:/ac6/systemworkbench/plugins/fr.ac6.mcu.externaltools.arm-none.win32_1.7.0.201602121829/tools/compiler/bin/../lib/gcc/arm-none-eabi/5.2.1/../../../../arm-none-eabi/lib/armv7-m\libc.a(lib_a-atexit.o)
                0x0800298c                atexit
 .text.__libc_fini_array
                0x08002998       0x28 c:/ac6/systemworkbench/plugins/fr.ac6.mcu.externaltools.arm-none.win32_1.7.0.201602121829/tools/compiler/bin/../lib/gcc/arm-none-eabi/5.2.1/../../../../arm-none-eabi/lib/armv7-m\libc.a(lib_a-fini.o)
                0x08002998                __libc_fini_array
 .text.__register_exitproc
                0x080029c0       0xa4 c:/ac6/systemworkbench/plugins/fr.ac6.mcu.externaltools.arm-none.win32_1.7.0.201602121829/tools/compiler/bin/../lib/gcc/arm-none-eabi/5.2.1/../../../../arm-none-eabi/lib/armv7-m\libc.a(lib_a-__atexit.o)
                0x080029c0                __register_exitproc
 *(.glue_7)
 .glue_7        0x08002a64        0x0 linker stubs
 *(.glue_7t)
 .glue_7t       0x08002a64        0x0 linker stubs
 *(.eh_frame)
 .eh_frame      0x08002a64        0x0 c:/ac6/systemworkbench/plugins/fr.ac6.mcu.externaltools.arm-none.win32_1.7.0.201602121829/tools/compiler/bin/../lib/gcc/arm-none-eabi/5.2.1/armv7-m/crtbegin.o
 *(.init)
 .init          0x08002a64        0x4 c:/ac6/systemworkbench/plugins/fr.ac6.mcu.externaltools.arm-none.win32_1.7.0.201602121829/tools/compiler/bin/../lib/gcc/arm-none-eabi/5.2.1/armv7-m/crti.o
                0x08002a64                _init
 .init          0x08002a68        0x8 c:/ac6/systemworkbench/plugins/fr.ac6.mcu.externaltools.arm-none.win32_1.7.0.201602121829/tools/compiler/bin/../lib/gcc/arm-none-eabi/5.2.1/armv7-m/crtn.o
 *(.fini)
 .fini          0x08002a70        0x4 c:/ac6/systemworkbench/plugins/fr.ac6.mcu.externaltools.arm-none.win32_1.7.0.201602121829/tools/compiler/bin/../lib/gcc/arm-none-eabi/5.2.1/armv7-m/crti.o
                0x08002a70                _fini
 .fini          0x08002a74        0x8 c:/ac6/systemworkbench/plugins/fr.ac6.mcu.externaltools.arm-none.win32_1.7.0.201602121829/tools/compiler/bin/../lib/gcc/arm-none-eabi/5.2.1/armv7-m/crtn.o
                0x08002a7c                . = ALIGN (0x4)
                0x08002a7c                _etext = .

.vfp11_veneer   0x08002a7c        0x0
 .vfp11_veneer  0x08002a7c        0x0 linker stubs

.v4_bx          0x08002a7c        0x0
 .v4_bx         0x08002a7c        0x0 linker stubs

.iplt           0x08002a7c        0x0
 .iplt          0x08002a7c        0x0 c:/ac6/systemworkbench/plugins/fr.ac6.mcu.externaltools.arm-none.win32_1.7.0.201602121829/tools/compiler/bin/../lib/gcc/arm-none-eabi/5.2.1/armv7-m/crtbegin.o

.rodata         0x08002a7c       0x2c
                0x08002a7c                . = ALIGN (0x4)
 *(.rodata)
 .rodata        0x08002a7c       0x22 D:\Online Teaching\Udemy\Rev. Code\stm32f103c8-custom_hal_lib\Debug\libstm32f103c8-custom_hal_lib.a(stm32f1xx_hal_rcc.o)
                0x08002a7c                aAPBAHBPrescTable
 *(.rodata*)
 *fill*         0x08002a9e        0x2 
 .rodata.str1.4
                0x08002aa0        0x4 c:/ac6/systemworkbench/plugins/fr.ac6.mcu.externaltools.arm-none.win32_1.7.0.201602121829/tools/compiler/bin/../lib/gcc/arm-none-eabi/5.2.1/../../../../arm-none-eabi/lib/armv7-m\libc.a(lib_a-impure.o)
                                  0x2 (size before relaxing)
 .rodata._global_impure_ptr
                0x08002aa4        0x4 c:/ac6/systemworkbench/plugins/fr.ac6.mcu.externaltools.arm-none.win32_1.7.0.201602121829/tools/compiler/bin/../lib/gcc/arm-none-eabi/5.2.1/../../../../arm-none-eabi/lib/armv7-m\libc.a(lib_a-impure.o)
                0x08002aa4                _global_impure_ptr
                0x08002aa8                . = ALIGN (0x4)

.rel.dyn        0x08002aa8        0x0
 .rel.iplt      0x08002aa8        0x0 c:/ac6/systemworkbench/plugins/fr.ac6.mcu.externaltools.arm-none.win32_1.7.0.201602121829/tools/compiler/bin/../lib/gcc/arm-none-eabi/5.2.1/armv7-m/crtbegin.o

.ARM.extab      0x08002aa8        0x0
                0x08002aa8                . = ALIGN (0x4)
 *(.ARM.extab* .gnu.linkonce.armextab.*)
                0x08002aa8                . = ALIGN (0x4)

.ARM            0x08002aa8        0x0
                0x08002aa8                . = ALIGN (0x4)
                0x08002aa8                __exidx_start = .
 *(.ARM.exidx*)
                0x08002aa8                __exidx_end = .
                0x08002aa8                . = ALIGN (0x4)

.preinit_array  0x08002aa8        0x0
                0x08002aa8                . = ALIGN (0x4)
                0x08002aa8                PROVIDE (__preinit_array_start, .)
 *(.preinit_array*)
                0x08002aa8                PROVIDE (__preinit_array_end, .)
                0x08002aa8                . = ALIGN (0x4)

.init_array     0x08002aa8        0x8
                0x08002aa8                . = ALIGN (0x4)
                0x08002aa8                PROVIDE (__init_array_start, .)
 *(SORT(.init_array.*))
 .init_array.00000
                0x08002aa8        0x4 c:/ac6/systemworkbench/plugins/fr.ac6.mcu.externaltools.arm-none.win32_1.7.0.201602121829/tools/compiler/bin/../lib/gcc/arm-none-eabi/5.2.1/../../../../arm-none-eabi/lib/armv7-m\libc.a(lib_a-__call_atexit.o)
 *(.init_array*)
 .init_array    0x08002aac        0x4 c:/ac6/systemworkbench/plugins/fr.ac6.mcu.externaltools.arm-none.win32_1.7.0.201602121829/tools/compiler/bin/../lib/gcc/arm-none-eabi/5.2.1/armv7-m/crtbegin.o
                0x08002ab0                PROVIDE (__init_array_end, .)
                0x08002ab0                . = ALIGN (0x4)

.fini_array     0x08002ab0        0x4
                0x08002ab0                . = ALIGN (0x4)
                0x08002ab0                PROVIDE (__fini_array_start, .)
 *(SORT(.fini_array.*))
 *(.fini_array*)
 .fini_array    0x08002ab0        0x4 c:/ac6/systemworkbench/plugins/fr.ac6.mcu.externaltools.arm-none.win32_1.7.0.201602121829/tools/compiler/bin/../lib/gcc/arm-none-eabi/5.2.1/armv7-m/crtbegin.o
                0x08002ab4                PROVIDE (__fini_array_end, .)
                0x08002ab4                . = ALIGN (0x4)
                0x08002ab4                _sidata = LOADADDR (.data)

.data           0x20000000      0x458 load address 0x08002ab4
                0x20000000                . = ALIGN (0x4)
                0x20000000                _sdata = .
 *(.data)
 .data          0x20000000       0x25 src/main.o
                0x20000000                txBuffer
 *fill*         0x20000025        0x3 
 .data          0x20000028        0x4 src/system_stm32f1xx.o
                0x20000028                SystemCoreClock
 *(.data*)
 *fill*         0x2000002c        0x4 
 .data.impure_data
                0x20000030      0x428 c:/ac6/systemworkbench/plugins/fr.ac6.mcu.externaltools.arm-none.win32_1.7.0.201602121829/tools/compiler/bin/../lib/gcc/arm-none-eabi/5.2.1/../../../../arm-none-eabi/lib/armv7-m\libc.a(lib_a-impure.o)
                0x20000458                . = ALIGN (0x4)
                0x20000458                _edata = .

.jcr            0x20000458        0x0 load address 0x08002f0c
 .jcr           0x20000458        0x0 c:/ac6/systemworkbench/plugins/fr.ac6.mcu.externaltools.arm-none.win32_1.7.0.201602121829/tools/compiler/bin/../lib/gcc/arm-none-eabi/5.2.1/armv7-m/crtbegin.o

.tm_clone_table
                0x20000458        0x0 load address 0x08002f0c
 .tm_clone_table
                0x20000458        0x0 c:/ac6/systemworkbench/plugins/fr.ac6.mcu.externaltools.arm-none.win32_1.7.0.201602121829/tools/compiler/bin/../lib/gcc/arm-none-eabi/5.2.1/armv7-m/crtbegin.o
 .tm_clone_table
                0x20000458        0x0 c:/ac6/systemworkbench/plugins/fr.ac6.mcu.externaltools.arm-none.win32_1.7.0.201602121829/tools/compiler/bin/../lib/gcc/arm-none-eabi/5.2.1/armv7-m/crtend.o

.igot.plt       0x20000458        0x0 load address 0x08002f0c
 .igot.plt      0x20000458        0x0 c:/ac6/systemworkbench/plugins/fr.ac6.mcu.externaltools.arm-none.win32_1.7.0.201602121829/tools/compiler/bin/../lib/gcc/arm-none-eabi/5.2.1/armv7-m/crtbegin.o
                0x20000458                . = ALIGN (0x4)

.bss            0x20000458       0x6c load address 0x08002f0c
                0x20000458                _sbss = .
                0x20000458                __bss_start__ = _sbss
 *(.bss)
 .bss           0x20000458       0x1c c:/ac6/systemworkbench/plugins/fr.ac6.mcu.externaltools.arm-none.win32_1.7.0.201602121829/tools/compiler/bin/../lib/gcc/arm-none-eabi/5.2.1/armv7-m/crtbegin.o
 .bss           0x20000474        0x4 D:\Online Teaching\Udemy\Rev. Code\stm32f103c8-custom_hal_lib\Debug\libstm32f103c8-custom_hal_lib.a(stm32f1xx_hal.o)
 *(.bss*)
 *(COMMON)
 COMMON         0x20000478       0x4a src/main.o
                0x20000478                uartHandle
                0x200004b8                rxBuffer
                0x200004c4                . = ALIGN (0x4)
 *fill*         0x200004c2        0x2 
                0x200004c4                _ebss = .
                0x200004c4                __bss_end__ = _ebss

._user_heap_stack
                0x200004c4      0x404 load address 0x08002f0c
                0x200004c8                . = ALIGN (0x8)
 *fill*         0x200004c4        0x4 
                0x200004c8                PROVIDE (end, .)
                [!provide]                PROVIDE (_end, .)
                0x200004c8                . = (. + _Min_Heap_Size)
                0x200008c8                . = (. + _Min_Stack_Size)
 *fill*         0x200004c8      0x400 
                0x200008c8                . = ALIGN (0x8)

/DISCARD/
 libc.a(*)
 libm.a(*)
 libgcc.a(*)

.ARM.attributes
                0x00000000       0x29
 *(.ARM.attributes)
 .ARM.attributes
                0x00000000       0x1d c:/ac6/systemworkbench/plugins/fr.ac6.mcu.externaltools.arm-none.win32_1.7.0.201602121829/tools/compiler/bin/../lib/gcc/arm-none-eabi/5.2.1/armv7-m/crti.o
 .ARM.attributes
                0x0000001d       0x2d c:/ac6/systemworkbench/plugins/fr.ac6.mcu.externaltools.arm-none.win32_1.7.0.201602121829/tools/compiler/bin/../lib/gcc/arm-none-eabi/5.2.1/armv7-m/crtbegin.o
 .ARM.attributes
                0x0000004a       0x33 src/main.o
 .ARM.attributes
                0x0000007d       0x33 src/stm32f4xx_it.o
 .ARM.attributes
                0x000000b0       0x33 src/system_stm32f1xx.o
 .ARM.attributes
                0x000000e3       0x21 startup/startup_stm32.o
 .ARM.attributes
                0x00000104       0x33 D:\Online Teaching\Udemy\Rev. Code\stm32f103c8-custom_hal_lib\Debug\libstm32f103c8-custom_hal_lib.a(stm32f1xx_hal.o)
 .ARM.attributes
                0x00000137       0x33 D:\Online Teaching\Udemy\Rev. Code\stm32f103c8-custom_hal_lib\Debug\libstm32f103c8-custom_hal_lib.a(stm32f1xx_hal_cortex.o)
 .ARM.attributes
                0x0000016a       0x33 D:\Online Teaching\Udemy\Rev. Code\stm32f103c8-custom_hal_lib\Debug\libstm32f103c8-custom_hal_lib.a(stm32f1xx_hal_gpio.o)
 .ARM.attributes
                0x0000019d       0x33 D:\Online Teaching\Udemy\Rev. Code\stm32f103c8-custom_hal_lib\Debug\libstm32f103c8-custom_hal_lib.a(stm32f1xx_hal_rcc.o)
 .ARM.attributes
                0x000001d0       0x33 D:\Online Teaching\Udemy\Rev. Code\stm32f103c8-custom_hal_lib\Debug\libstm32f103c8-custom_hal_lib.a(stm32f1xx_hal_uart.o)
 .ARM.attributes
                0x00000203       0x2d c:/ac6/systemworkbench/plugins/fr.ac6.mcu.externaltools.arm-none.win32_1.7.0.201602121829/tools/compiler/bin/../lib/gcc/arm-none-eabi/5.2.1/../../../../arm-none-eabi/lib/armv7-m\libc.a(lib_a-impure.o)
 .ARM.attributes
                0x00000230       0x2d c:/ac6/systemworkbench/plugins/fr.ac6.mcu.externaltools.arm-none.win32_1.7.0.201602121829/tools/compiler/bin/../lib/gcc/arm-none-eabi/5.2.1/../../../../arm-none-eabi/lib/armv7-m\libc.a(lib_a-init.o)
 .ARM.attributes
                0x0000025d       0x2d c:/ac6/systemworkbench/plugins/fr.ac6.mcu.externaltools.arm-none.win32_1.7.0.201602121829/tools/compiler/bin/../lib/gcc/arm-none-eabi/5.2.1/../../../../arm-none-eabi/lib/armv7-m\libc.a(lib_a-__call_atexit.o)
 .ARM.attributes
                0x0000028a       0x2d c:/ac6/systemworkbench/plugins/fr.ac6.mcu.externaltools.arm-none.win32_1.7.0.201602121829/tools/compiler/bin/../lib/gcc/arm-none-eabi/5.2.1/../../../../arm-none-eabi/lib/armv7-m\libc.a(lib_a-atexit.o)
 .ARM.attributes
                0x000002b7       0x2d c:/ac6/systemworkbench/plugins/fr.ac6.mcu.externaltools.arm-none.win32_1.7.0.201602121829/tools/compiler/bin/../lib/gcc/arm-none-eabi/5.2.1/../../../../arm-none-eabi/lib/armv7-m\libc.a(lib_a-fini.o)
 .ARM.attributes
                0x000002e4       0x2d c:/ac6/systemworkbench/plugins/fr.ac6.mcu.externaltools.arm-none.win32_1.7.0.201602121829/tools/compiler/bin/../lib/gcc/arm-none-eabi/5.2.1/../../../../arm-none-eabi/lib/armv7-m\libc.a(lib_a-__atexit.o)
 .ARM.attributes
                0x00000311       0x2d c:/ac6/systemworkbench/plugins/fr.ac6.mcu.externaltools.arm-none.win32_1.7.0.201602121829/tools/compiler/bin/../lib/gcc/arm-none-eabi/5.2.1/armv7-m/crtend.o
 .ARM.attributes
                0x0000033e       0x1d c:/ac6/systemworkbench/plugins/fr.ac6.mcu.externaltools.arm-none.win32_1.7.0.201602121829/tools/compiler/bin/../lib/gcc/arm-none-eabi/5.2.1/armv7-m/crtn.o
OUTPUT(stm32f103-hal-uart-polling.elf elf32-littlearm)

.debug_info     0x00000000     0x48ec
 .debug_info    0x00000000      0x8c8 src/main.o
 .debug_info    0x000008c8       0xbd src/stm32f4xx_it.o
 .debug_info    0x00000985      0x3a8 src/system_stm32f1xx.o
 .debug_info    0x00000d2d       0x84 startup/startup_stm32.o
 .debug_info    0x00000db1      0x5e7 D:\Online Teaching\Udemy\Rev. Code\stm32f103c8-custom_hal_lib\Debug\libstm32f103c8-custom_hal_lib.a(stm32f1xx_hal.o)
 .debug_info    0x00001398      0xaae D:\Online Teaching\Udemy\Rev. Code\stm32f103c8-custom_hal_lib\Debug\libstm32f103c8-custom_hal_lib.a(stm32f1xx_hal_cortex.o)
 .debug_info    0x00001e46      0x5f9 D:\Online Teaching\Udemy\Rev. Code\stm32f103c8-custom_hal_lib\Debug\libstm32f103c8-custom_hal_lib.a(stm32f1xx_hal_gpio.o)
 .debug_info    0x0000243f     0x16b9 D:\Online Teaching\Udemy\Rev. Code\stm32f103c8-custom_hal_lib\Debug\libstm32f103c8-custom_hal_lib.a(stm32f1xx_hal_rcc.o)
 .debug_info    0x00003af8      0xdf4 D:\Online Teaching\Udemy\Rev. Code\stm32f103c8-custom_hal_lib\Debug\libstm32f103c8-custom_hal_lib.a(stm32f1xx_hal_uart.o)

.debug_abbrev   0x00000000      0xe60
 .debug_abbrev  0x00000000      0x1de src/main.o
 .debug_abbrev  0x000001de       0x6a src/stm32f4xx_it.o
 .debug_abbrev  0x00000248      0x125 src/system_stm32f1xx.o
 .debug_abbrev  0x0000036d       0x12 startup/startup_stm32.o
 .debug_abbrev  0x0000037f      0x1fb D:\Online Teaching\Udemy\Rev. Code\stm32f103c8-custom_hal_lib\Debug\libstm32f103c8-custom_hal_lib.a(stm32f1xx_hal.o)
 .debug_abbrev  0x0000057a      0x273 D:\Online Teaching\Udemy\Rev. Code\stm32f103c8-custom_hal_lib\Debug\libstm32f103c8-custom_hal_lib.a(stm32f1xx_hal_cortex.o)
 .debug_abbrev  0x000007ed      0x1af D:\Online Teaching\Udemy\Rev. Code\stm32f103c8-custom_hal_lib\Debug\libstm32f103c8-custom_hal_lib.a(stm32f1xx_hal_gpio.o)
 .debug_abbrev  0x0000099c      0x2aa D:\Online Teaching\Udemy\Rev. Code\stm32f103c8-custom_hal_lib\Debug\libstm32f103c8-custom_hal_lib.a(stm32f1xx_hal_rcc.o)
 .debug_abbrev  0x00000c46      0x21a D:\Online Teaching\Udemy\Rev. Code\stm32f103c8-custom_hal_lib\Debug\libstm32f103c8-custom_hal_lib.a(stm32f1xx_hal_uart.o)

.debug_aranges  0x00000000      0x4a0
 .debug_aranges
                0x00000000       0x50 src/main.o
 .debug_aranges
                0x00000050       0x20 src/stm32f4xx_it.o
 .debug_aranges
                0x00000070       0x28 src/system_stm32f1xx.o
 .debug_aranges
                0x00000098       0x28 startup/startup_stm32.o
 .debug_aranges
                0x000000c0       0xb0 D:\Online Teaching\Udemy\Rev. Code\stm32f103c8-custom_hal_lib\Debug\libstm32f103c8-custom_hal_lib.a(stm32f1xx_hal.o)
 .debug_aranges
                0x00000170      0x100 D:\Online Teaching\Udemy\Rev. Code\stm32f103c8-custom_hal_lib\Debug\libstm32f103c8-custom_hal_lib.a(stm32f1xx_hal_cortex.o)
 .debug_aranges
                0x00000270       0x58 D:\Online Teaching\Udemy\Rev. Code\stm32f103c8-custom_hal_lib\Debug\libstm32f103c8-custom_hal_lib.a(stm32f1xx_hal_gpio.o)
 .debug_aranges
                0x000002c8       0x88 D:\Online Teaching\Udemy\Rev. Code\stm32f103c8-custom_hal_lib\Debug\libstm32f103c8-custom_hal_lib.a(stm32f1xx_hal_rcc.o)
 .debug_aranges
                0x00000350      0x150 D:\Online Teaching\Udemy\Rev. Code\stm32f103c8-custom_hal_lib\Debug\libstm32f103c8-custom_hal_lib.a(stm32f1xx_hal_uart.o)

.debug_ranges   0x00000000      0x418
 .debug_ranges  0x00000000       0x40 src/main.o
 .debug_ranges  0x00000040       0x10 src/stm32f4xx_it.o
 .debug_ranges  0x00000050       0x18 src/system_stm32f1xx.o
 .debug_ranges  0x00000068       0x20 startup/startup_stm32.o
 .debug_ranges  0x00000088       0xa0 D:\Online Teaching\Udemy\Rev. Code\stm32f103c8-custom_hal_lib\Debug\libstm32f103c8-custom_hal_lib.a(stm32f1xx_hal.o)
 .debug_ranges  0x00000128       0xf0 D:\Online Teaching\Udemy\Rev. Code\stm32f103c8-custom_hal_lib\Debug\libstm32f103c8-custom_hal_lib.a(stm32f1xx_hal_cortex.o)
 .debug_ranges  0x00000218       0x48 D:\Online Teaching\Udemy\Rev. Code\stm32f103c8-custom_hal_lib\Debug\libstm32f103c8-custom_hal_lib.a(stm32f1xx_hal_gpio.o)
 .debug_ranges  0x00000260       0x78 D:\Online Teaching\Udemy\Rev. Code\stm32f103c8-custom_hal_lib\Debug\libstm32f103c8-custom_hal_lib.a(stm32f1xx_hal_rcc.o)
 .debug_ranges  0x000002d8      0x140 D:\Online Teaching\Udemy\Rev. Code\stm32f103c8-custom_hal_lib\Debug\libstm32f103c8-custom_hal_lib.a(stm32f1xx_hal_uart.o)

.debug_macro    0x00000000    0x1234b
 .debug_macro   0x00000000      0x3d5 src/main.o
 .debug_macro   0x000003d5      0x88c src/main.o
 .debug_macro   0x00000c61      0x216 src/main.o
 .debug_macro   0x00000e77       0x28 src/main.o
 .debug_macro   0x00000e9f       0x22 src/main.o
 .debug_macro   0x00000ec1       0x22 src/main.o
 .debug_macro   0x00000ee3       0x44 src/main.o
 .debug_macro   0x00000f27       0xfd src/main.o
 .debug_macro   0x00001024       0x22 src/main.o
 .debug_macro   0x00001046      0x1df src/main.o
 .debug_macro   0x00001225       0x34 src/main.o
 .debug_macro   0x00001259       0x34 src/main.o
 .debug_macro   0x0000128d      0xb8e src/main.o
 .debug_macro   0x00001e1b     0x69eb src/main.o
 .debug_macro   0x00008806       0x43 src/main.o
 .debug_macro   0x00008849     0x31c3 src/main.o
 .debug_macro   0x0000ba0c       0x58 src/main.o
 .debug_macro   0x0000ba64       0x35 src/main.o
 .debug_macro   0x0000ba99       0x9c src/main.o
 .debug_macro   0x0000bb35       0x16 src/main.o
 .debug_macro   0x0000bb4b       0x97 src/main.o
 .debug_macro   0x0000bbe2      0x329 src/main.o
 .debug_macro   0x0000bf0b       0xfd src/main.o
 .debug_macro   0x0000c008       0x10 src/main.o
 .debug_macro   0x0000c018       0x52 src/main.o
 .debug_macro   0x0000c06a       0x16 src/main.o
 .debug_macro   0x0000c080       0x43 src/main.o
 .debug_macro   0x0000c0c3      0x187 src/main.o
 .debug_macro   0x0000c24a       0x10 src/main.o
 .debug_macro   0x0000c25a       0x22 src/main.o
 .debug_macro   0x0000c27c       0x3a src/main.o
 .debug_macro   0x0000c2b6       0x10 src/main.o
 .debug_macro   0x0000c2c6       0x40 src/main.o
 .debug_macro   0x0000c306       0x65 src/main.o
 .debug_macro   0x0000c36b       0x16 src/main.o
 .debug_macro   0x0000c381      0x197 src/main.o
 .debug_macro   0x0000c518       0x57 src/main.o
 .debug_macro   0x0000c56f      0x77f src/main.o
 .debug_macro   0x0000ccee      0x28b src/main.o
 .debug_macro   0x0000cf79      0x141 src/main.o
 .debug_macro   0x0000d0ba      0x197 src/main.o
 .debug_macro   0x0000d251      0x1a7 src/main.o
 .debug_macro   0x0000d3f8       0x2d src/main.o
 .debug_macro   0x0000d425       0x3c src/main.o
 .debug_macro   0x0000d461      0x401 src/main.o
 .debug_macro   0x0000d862       0x10 src/main.o
 .debug_macro   0x0000d872       0x57 src/main.o
 .debug_macro   0x0000d8c9      0x46a src/main.o
 .debug_macro   0x0000dd33      0x1b5 src/main.o
 .debug_macro   0x0000dee8       0x22 src/main.o
 .debug_macro   0x0000df0a       0x8c src/main.o
 .debug_macro   0x0000df96      0x242 src/main.o
 .debug_macro   0x0000e1d8      0x225 src/main.o
 .debug_macro   0x0000e3fd       0x99 src/main.o
 .debug_macro   0x0000e496      0x143 src/main.o
 .debug_macro   0x0000e5d9      0x1ef src/main.o
 .debug_macro   0x0000e7c8       0xf2 src/main.o
 .debug_macro   0x0000e8ba      0x1f4 src/main.o
 .debug_macro   0x0000eaae      0x83e src/main.o
 .debug_macro   0x0000f2ec       0x11 src/main.o
 .debug_macro   0x0000f2fd      0x256 src/main.o
 .debug_macro   0x0000f553      0x225 src/main.o
 .debug_macro   0x0000f778      0x1a7 src/main.o
 .debug_macro   0x0000f91f      0x2d4 src/main.o
 .debug_macro   0x0000fbf3       0x8e src/main.o
 .debug_macro   0x0000fc81       0x50 src/main.o
 .debug_macro   0x0000fcd1      0x26c src/main.o
 .debug_macro   0x0000ff3d       0x7c src/main.o
 .debug_macro   0x0000ffb9      0x3cd src/stm32f4xx_it.o
 .debug_macro   0x00010386      0x3c9 src/system_stm32f1xx.o
 .debug_macro   0x0001074f      0x3e7 D:\Online Teaching\Udemy\Rev. Code\stm32f103c8-custom_hal_lib\Debug\libstm32f103c8-custom_hal_lib.a(stm32f1xx_hal.o)
 .debug_macro   0x00010b36      0x886 D:\Online Teaching\Udemy\Rev. Code\stm32f103c8-custom_hal_lib\Debug\libstm32f103c8-custom_hal_lib.a(stm32f1xx_hal.o)
 .debug_macro   0x000113bc      0x3c3 D:\Online Teaching\Udemy\Rev. Code\stm32f103c8-custom_hal_lib\Debug\libstm32f103c8-custom_hal_lib.a(stm32f1xx_hal_cortex.o)
 .debug_macro   0x0001177f      0x433 D:\Online Teaching\Udemy\Rev. Code\stm32f103c8-custom_hal_lib\Debug\libstm32f103c8-custom_hal_lib.a(stm32f1xx_hal_gpio.o)
 .debug_macro   0x00011bb2      0x3d5 D:\Online Teaching\Udemy\Rev. Code\stm32f103c8-custom_hal_lib\Debug\libstm32f103c8-custom_hal_lib.a(stm32f1xx_hal_rcc.o)
 .debug_macro   0x00011f87      0x3c4 D:\Online Teaching\Udemy\Rev. Code\stm32f103c8-custom_hal_lib\Debug\libstm32f103c8-custom_hal_lib.a(stm32f1xx_hal_uart.o)

.debug_line     0x00000000     0x6501
 .debug_line    0x00000000      0xa37 src/main.o
 .debug_line    0x00000a37      0x9da src/stm32f4xx_it.o
 .debug_line    0x00001411      0x9c7 src/system_stm32f1xx.o
 .debug_line    0x00001dd8       0x79 startup/startup_stm32.o
 .debug_line    0x00001e51      0xaf9 D:\Online Teaching\Udemy\Rev. Code\stm32f103c8-custom_hal_lib\Debug\libstm32f103c8-custom_hal_lib.a(stm32f1xx_hal.o)
 .debug_line    0x0000294a      0xc2e D:\Online Teaching\Udemy\Rev. Code\stm32f103c8-custom_hal_lib\Debug\libstm32f103c8-custom_hal_lib.a(stm32f1xx_hal_cortex.o)
 .debug_line    0x00003578      0xb77 D:\Online Teaching\Udemy\Rev. Code\stm32f103c8-custom_hal_lib\Debug\libstm32f103c8-custom_hal_lib.a(stm32f1xx_hal_gpio.o)
 .debug_line    0x000040ef     0x1431 D:\Online Teaching\Udemy\Rev. Code\stm32f103c8-custom_hal_lib\Debug\libstm32f103c8-custom_hal_lib.a(stm32f1xx_hal_rcc.o)
 .debug_line    0x00005520      0xfe1 D:\Online Teaching\Udemy\Rev. Code\stm32f103c8-custom_hal_lib\Debug\libstm32f103c8-custom_hal_lib.a(stm32f1xx_hal_uart.o)

.debug_str      0x00000000    0x70eb4
 .debug_str     0x00000000    0x6fc09 src/main.o
                              0x6ff8d (size before relaxing)
 .debug_str     0x0006fc09       0x38 src/stm32f4xx_it.o
                              0x6f965 (size before relaxing)
 .debug_str     0x0006fc41       0xcf src/system_stm32f1xx.o
                              0x6fa75 (size before relaxing)
 .debug_str     0x0006fd10      0x559 D:\Online Teaching\Udemy\Rev. Code\stm32f103c8-custom_hal_lib\Debug\libstm32f103c8-custom_hal_lib.a(stm32f1xx_hal.o)
                              0x6fffc (size before relaxing)
 .debug_str     0x00070269      0x29a D:\Online Teaching\Udemy\Rev. Code\stm32f103c8-custom_hal_lib\Debug\libstm32f103c8-custom_hal_lib.a(stm32f1xx_hal_cortex.o)
                              0x70053 (size before relaxing)
 .debug_str     0x00070503      0x3ed D:\Online Teaching\Udemy\Rev. Code\stm32f103c8-custom_hal_lib\Debug\libstm32f103c8-custom_hal_lib.a(stm32f1xx_hal_gpio.o)
                              0x6fe38 (size before relaxing)
 .debug_str     0x000708f0      0x23e D:\Online Teaching\Udemy\Rev. Code\stm32f103c8-custom_hal_lib\Debug\libstm32f103c8-custom_hal_lib.a(stm32f1xx_hal_rcc.o)
                              0x6fdc8 (size before relaxing)
 .debug_str     0x00070b2e      0x386 D:\Online Teaching\Udemy\Rev. Code\stm32f103c8-custom_hal_lib\Debug\libstm32f103c8-custom_hal_lib.a(stm32f1xx_hal_uart.o)
                              0x700d1 (size before relaxing)

.comment        0x00000000       0x6e
 .comment       0x00000000       0x6e src/main.o
                                 0x6f (size before relaxing)
 .comment       0x0000006e       0x6f src/stm32f4xx_it.o
 .comment       0x0000006e       0x6f src/system_stm32f1xx.o
 .comment       0x0000006e       0x6f D:\Online Teaching\Udemy\Rev. Code\stm32f103c8-custom_hal_lib\Debug\libstm32f103c8-custom_hal_lib.a(stm32f1xx_hal.o)
 .comment       0x0000006e       0x6f D:\Online Teaching\Udemy\Rev. Code\stm32f103c8-custom_hal_lib\Debug\libstm32f103c8-custom_hal_lib.a(stm32f1xx_hal_cortex.o)
 .comment       0x0000006e       0x6f D:\Online Teaching\Udemy\Rev. Code\stm32f103c8-custom_hal_lib\Debug\libstm32f103c8-custom_hal_lib.a(stm32f1xx_hal_gpio.o)
 .comment       0x0000006e       0x6f D:\Online Teaching\Udemy\Rev. Code\stm32f103c8-custom_hal_lib\Debug\libstm32f103c8-custom_hal_lib.a(stm32f1xx_hal_rcc.o)
 .comment       0x0000006e       0x6f D:\Online Teaching\Udemy\Rev. Code\stm32f103c8-custom_hal_lib\Debug\libstm32f103c8-custom_hal_lib.a(stm32f1xx_hal_uart.o)

.debug_frame    0x00000000     0x1268
 .debug_frame   0x00000000       0xf4 src/main.o
 .debug_frame   0x000000f4       0x2c src/stm32f4xx_it.o
 .debug_frame   0x00000120       0x58 src/system_stm32f1xx.o
 .debug_frame   0x00000178      0x278 D:\Online Teaching\Udemy\Rev. Code\stm32f103c8-custom_hal_lib\Debug\libstm32f103c8-custom_hal_lib.a(stm32f1xx_hal.o)
 .debug_frame   0x000003f0      0x428 D:\Online Teaching\Udemy\Rev. Code\stm32f103c8-custom_hal_lib\Debug\libstm32f103c8-custom_hal_lib.a(stm32f1xx_hal_cortex.o)
 .debug_frame   0x00000818      0x14c D:\Online Teaching\Udemy\Rev. Code\stm32f103c8-custom_hal_lib\Debug\libstm32f103c8-custom_hal_lib.a(stm32f1xx_hal_gpio.o)
 .debug_frame   0x00000964      0x220 D:\Online Teaching\Udemy\Rev. Code\stm32f103c8-custom_hal_lib\Debug\libstm32f103c8-custom_hal_lib.a(stm32f1xx_hal_rcc.o)
 .debug_frame   0x00000b84      0x5e0 D:\Online Teaching\Udemy\Rev. Code\stm32f103c8-custom_hal_lib\Debug\libstm32f103c8-custom_hal_lib.a(stm32f1xx_hal_uart.o)
 .debug_frame   0x00001164       0x2c c:/ac6/systemworkbench/plugins/fr.ac6.mcu.externaltools.arm-none.win32_1.7.0.201602121829/tools/compiler/bin/../lib/gcc/arm-none-eabi/5.2.1/../../../../arm-none-eabi/lib/armv7-m\libc.a(lib_a-init.o)
 .debug_frame   0x00001190       0x50 c:/ac6/systemworkbench/plugins/fr.ac6.mcu.externaltools.arm-none.win32_1.7.0.201602121829/tools/compiler/bin/../lib/gcc/arm-none-eabi/5.2.1/../../../../arm-none-eabi/lib/armv7-m\libc.a(lib_a-__call_atexit.o)
 .debug_frame   0x000011e0       0x20 c:/ac6/systemworkbench/plugins/fr.ac6.mcu.externaltools.arm-none.win32_1.7.0.201602121829/tools/compiler/bin/../lib/gcc/arm-none-eabi/5.2.1/../../../../arm-none-eabi/lib/armv7-m\libc.a(lib_a-atexit.o)
 .debug_frame   0x00001200       0x34 c:/ac6/systemworkbench/plugins/fr.ac6.mcu.externaltools.arm-none.win32_1.7.0.201602121829/tools/compiler/bin/../lib/gcc/arm-none-eabi/5.2.1/../../../../arm-none-eabi/lib/armv7-m\libc.a(lib_a-fini.o)
 .debug_frame   0x00001234       0x34 c:/ac6/systemworkbench/plugins/fr.ac6.mcu.externaltools.arm-none.win32_1.7.0.201602121829/tools/compiler/bin/../lib/gcc/arm-none-eabi/5.2.1/../../../../arm-none-eabi/lib/armv7-m\libc.a(lib_a-__atexit.o)
