Archive member included to satisfy reference by file (symbol)

D:\Online Teaching\Udemy\Rev. Code\stm32f103c8-custom_hal_lib\Debug\libstm32f103c8-custom_hal_lib.a(stm32f1xx_hal.o)
                              src/main.o (HAL_Init)
D:\Online Teaching\Udemy\Rev. Code\stm32f103c8-custom_hal_lib\Debug\libstm32f103c8-custom_hal_lib.a(stm32f1xx_hal_adc.o)
                              src/main.o (HAL_ADC_Init)
D:\Online Teaching\Udemy\Rev. Code\stm32f103c8-custom_hal_lib\Debug\libstm32f103c8-custom_hal_lib.a(stm32f1xx_hal_adc_ex.o)
                              src/main.o (HAL_ADCEx_InjectedStart_IT)
D:\Online Teaching\Udemy\Rev. Code\stm32f103c8-custom_hal_lib\Debug\libstm32f103c8-custom_hal_lib.a(stm32f1xx_hal_cortex.o)
                              D:\Online Teaching\Udemy\Rev. Code\stm32f103c8-custom_hal_lib\Debug\libstm32f103c8-custom_hal_lib.a(stm32f1xx_hal.o) (HAL_NVIC_SetPriorityGrouping)
D:\Online Teaching\Udemy\Rev. Code\stm32f103c8-custom_hal_lib\Debug\libstm32f103c8-custom_hal_lib.a(stm32f1xx_hal_dma.o)
                              src/main.o (HAL_DMA_Init)
D:\Online Teaching\Udemy\Rev. Code\stm32f103c8-custom_hal_lib\Debug\libstm32f103c8-custom_hal_lib.a(stm32f1xx_hal_gpio.o)
                              src/main.o (HAL_GPIO_Init)
D:\Online Teaching\Udemy\Rev. Code\stm32f103c8-custom_hal_lib\Debug\libstm32f103c8-custom_hal_lib.a(stm32f1xx_hal_rcc.o)
                              src/main.o (HAL_RCC_OscConfig)
D:\Online Teaching\Udemy\Rev. Code\stm32f103c8-custom_hal_lib\Debug\libstm32f103c8-custom_hal_lib.a(stm32f1xx_hal_rcc_ex.o)
                              src/main.o (HAL_RCCEx_PeriphCLKConfig)
D:\Online Teaching\Udemy\Rev. Code\stm32f103c8-custom_hal_lib\Debug\libstm32f103c8-custom_hal_lib.a(stm32f1xx_hal_tim.o)
                              src/main.o (HAL_TIM_Base_Init)
D:\Online Teaching\Udemy\Rev. Code\stm32f103c8-custom_hal_lib\Debug\libstm32f103c8-custom_hal_lib.a(stm32f1xx_hal_tim_ex.o)
                              D:\Online Teaching\Udemy\Rev. Code\stm32f103c8-custom_hal_lib\Debug\libstm32f103c8-custom_hal_lib.a(stm32f1xx_hal_tim.o) (TIMEx_DMACommutationCplt)
c:/ac6/systemworkbench/plugins/fr.ac6.mcu.externaltools.arm-none.win32_1.7.0.201602121829/tools/compiler/bin/../lib/gcc/arm-none-eabi/5.2.1/../../../../arm-none-eabi/lib/armv7-m\libc.a(lib_a-errno.o)
                              src/syscalls.o (__errno)
c:/ac6/systemworkbench/plugins/fr.ac6.mcu.externaltools.arm-none.win32_1.7.0.201602121829/tools/compiler/bin/../lib/gcc/arm-none-eabi/5.2.1/../../../../arm-none-eabi/lib/armv7-m\libc.a(lib_a-exit.o)
                              c:/ac6/systemworkbench/plugins/fr.ac6.mcu.externaltools.arm-none.win32_1.7.0.201602121829/tools/compiler/bin/../lib/gcc/arm-none-eabi/5.2.1/../../../../arm-none-eabi/lib/armv7-m/crt0.o (exit)
c:/ac6/systemworkbench/plugins/fr.ac6.mcu.externaltools.arm-none.win32_1.7.0.201602121829/tools/compiler/bin/../lib/gcc/arm-none-eabi/5.2.1/../../../../arm-none-eabi/lib/armv7-m\libc.a(lib_a-impure.o)
                              c:/ac6/systemworkbench/plugins/fr.ac6.mcu.externaltools.arm-none.win32_1.7.0.201602121829/tools/compiler/bin/../lib/gcc/arm-none-eabi/5.2.1/../../../../arm-none-eabi/lib/armv7-m\libc.a(lib_a-exit.o) (_global_impure_ptr)
c:/ac6/systemworkbench/plugins/fr.ac6.mcu.externaltools.arm-none.win32_1.7.0.201602121829/tools/compiler/bin/../lib/gcc/arm-none-eabi/5.2.1/../../../../arm-none-eabi/lib/armv7-m\libc.a(lib_a-init.o)
                              c:/ac6/systemworkbench/plugins/fr.ac6.mcu.externaltools.arm-none.win32_1.7.0.201602121829/tools/compiler/bin/../lib/gcc/arm-none-eabi/5.2.1/../../../../arm-none-eabi/lib/armv7-m/crt0.o (__libc_init_array)
c:/ac6/systemworkbench/plugins/fr.ac6.mcu.externaltools.arm-none.win32_1.7.0.201602121829/tools/compiler/bin/../lib/gcc/arm-none-eabi/5.2.1/../../../../arm-none-eabi/lib/armv7-m\libc.a(lib_a-memset.o)
                              c:/ac6/systemworkbench/plugins/fr.ac6.mcu.externaltools.arm-none.win32_1.7.0.201602121829/tools/compiler/bin/../lib/gcc/arm-none-eabi/5.2.1/../../../../arm-none-eabi/lib/armv7-m/crt0.o (memset)
c:/ac6/systemworkbench/plugins/fr.ac6.mcu.externaltools.arm-none.win32_1.7.0.201602121829/tools/compiler/bin/../lib/gcc/arm-none-eabi/5.2.1/../../../../arm-none-eabi/lib/armv7-m\libc.a(lib_a-__call_atexit.o)
                              c:/ac6/systemworkbench/plugins/fr.ac6.mcu.externaltools.arm-none.win32_1.7.0.201602121829/tools/compiler/bin/../lib/gcc/arm-none-eabi/5.2.1/../../../../arm-none-eabi/lib/armv7-m\libc.a(lib_a-exit.o) (__call_exitprocs)
c:/ac6/systemworkbench/plugins/fr.ac6.mcu.externaltools.arm-none.win32_1.7.0.201602121829/tools/compiler/bin/../lib/gcc/arm-none-eabi/5.2.1/../../../../arm-none-eabi/lib/armv7-m\libc.a(lib_a-atexit.o)
[...]
Memory Configuration

Name             Origin             Length             Attributes
RAM              0x20000000         0x00005000         xrw
ROM              0x08000000         0x00010000         xr
*default*        0x00000000         0xffffffff

Linker script and memory map

LOAD c:/ac6/systemworkbench/plugins/fr.ac6.mcu.externaltools.arm-none.win32_1.7.0.201602121829/tools/compiler/bin/../lib/gcc/arm-none-eabi/5.2.1/armv7-m/crti.o
LOAD c:/ac6/systemworkbench/plugins/fr.ac6.mcu.externaltools.arm-none.win32_1.7.0.201602121829/tools/compiler/bin/../lib/gcc/arm-none-eabi/5.2.1/armv7-m/crtbegin.o
LOAD c:/ac6/systemworkbench/plugins/fr.ac6.mcu.externaltools.arm-none.win32_1.7.0.201602121829/tools/compiler/bin/../lib/gcc/arm-none-eabi/5.2.1/../../../../arm-none-eabi/lib/armv7-m/crt0.o
LOAD src/main.o
LOAD src/stm32f4xx_it.o
LOAD src/syscalls.o
LOAD src/system_stm32f1xx.o
LOAD startup/startup_stm32.o
LOAD D:\Online Teaching\Udemy\Rev. Code\stm32f103c8-custom_hal_lib\Debug\libstm32f103c8-custom_hal_lib.a
LOAD c:/ac6/systemworkbench/plugins/fr.ac6.mcu.externaltools.arm-none.win32_1.7.0.201602121829/tools/compiler/bin/../lib/gcc/arm-none-eabi/5.2.1/../../../../arm-none-eabi/lib/armv7-m\libstdc++.a
LOAD c:/ac6/systemworkbench/plugins/fr.ac6.mcu.externaltools.arm-none.win32_1.7.0.201602121829/tools/compiler/bin/../lib/gcc/arm-none-eabi/5.2.1/../../../../arm-none-eabi/lib/armv7-m\libm.a
START GROUP
LOAD c:/ac6/systemworkbench/plugins/fr.ac6.mcu.externaltools.arm-none.win32_1.7.0.201602121829/tools/compiler/bin/../lib/gcc/arm-none-eabi/5.2.1/armv7-m\libgcc.a
LOAD c:/ac6/systemworkbench/plugins/fr.ac6.mcu.externaltools.arm-none.win32_1.7.0.201602121829/tools/compiler/bin/../lib/gcc/arm-none-eabi/5.2.1/../../../../arm-none-eabi/lib/armv7-m\libc.a
END GROUP
LOAD c:/ac6/systemworkbench/plugins/fr.ac6.mcu.externaltools.arm-none.win32_1.7.0.201602121829/tools/compiler/bin/../lib/gcc/arm-none-eabi/5.2.1/armv7-m/crtend.o
LOAD c:/ac6/systemworkbench/plugins/fr.ac6.mcu.externaltools.arm-none.win32_1.7.0.201602121829/tools/compiler/bin/../lib/gcc/arm-none-eabi/5.2.1/armv7-m/crtn.o
                0x20005000                _estack = 0x20005000
                0x00000000                _Min_Heap_Size = 0x0
                0x00000400                _Min_Stack_Size = 0x400

.isr_vector     0x08000000      0x188
                0x08000000                . = ALIGN (0x4)
 *(.isr_vector)
 .isr_vector    0x08000000      0x188 startup/startup_stm32.o
                0x08000000                g_pfnVectors
                0x08000188                . = ALIGN (0x4)

.text           0x08000188     0x3c58
                0x08000188                . = ALIGN (0x4)
 *(.text)
 .text          0x08000188       0xa4 c:/ac6/systemworkbench/plugins/fr.ac6.mcu.externaltools.arm-none.win32_1.7.0.201602121829/tools/compiler/bin/../lib/gcc/arm-none-eabi/5.2.1/armv7-m/crtbegin.o
 *(.text*)
 .text.main     0x0800022c       0x1c src/main.o
                0x0800022c                main
 .text.RCC_SystemClock_Config
                0x08000248       0x6c src/main.o
                0x08000248                RCC_SystemClock_Config
 .text.GPIO_Output_Config
                0x080002b4       0x48 src/main.o
                0x080002b4                GPIO_Output_Config
 .text.TIM_Config
                0x080002fc       0x7c src/main.o
                0x080002fc                TIM_Config
 .text.HAL_TIM_Base_MspInit
                0x08000378       0x30 src/main.o
                0x08000378                HAL_TIM_Base_MspInit
 .text.ADC_Config
                0x080003a8       0xc0 src/main.o
                0x080003a8                ADC_Config
 .text.HAL_ADC_MspInit
                0x08000468       0xfc src/main.o
                0x08000468                HAL_ADC_MspInit
 .text.HAL_ADC_ConvCpltCallback
                0x08000564       0x38 src/main.o
                0x08000564                HAL_ADC_ConvCpltCallback
 .text.HAL_ADCEx_InjectedConvCpltCallback
                0x0800059c       0x4c src/main.o
                0x0800059c                HAL_ADCEx_InjectedConvCpltCallback
 .text.Error_Handler
                0x080005e8       0x14 src/main.o
                0x080005e8                Error_Handler
 .text.SysTick_Handler
                0x080005fc       0x10 src/stm32f4xx_it.o
                0x080005fc                SysTick_Handler
 .text.DMA1_Channel1_IRQHandler
                0x0800060c       0x18 src/stm32f4xx_it.o
                0x0800060c                DMA1_Channel1_IRQHandler
 .text.ADC1_2_IRQHandler
                0x08000624       0x14 src/stm32f4xx_it.o
                0x08000624                ADC1_2_IRQHandler
 .text.SystemInit
                0x08000638       0x68 src/system_stm32f1xx.o
                0x08000638                SystemInit
 .text.Reset_Handler
                0x080006a0       0x48 startup/startup_stm32.o
                0x080006a0                Reset_Handler
 .text.Default_Handler
                0x080006e8        0x2 startup/startup_stm32.o
                0x080006e8                DebugMon_Handler
                0x080006e8                HardFault_Handler
                0x080006e8                PendSV_Handler
                0x080006e8                NMI_Handler
                0x080006e8                UsageFault_Handler
                0x080006e8                Default_Handler
                0x080006e8                MemManage_Handler
                0x080006e8                SVC_Handler
                0x080006e8                BusFault_Handler
 *fill*         0x080006ea        0x2 
 .text.HAL_Init
                0x080006ec       0x2c D:\Online Teaching\Udemy\Rev. Code\stm32f103c8-custom_hal_lib\Debug\libstm32f103c8-custom_hal_lib.a(stm32f1xx_hal.o)
                0x080006ec                HAL_Init
 .text.HAL_MspInit
                0x08000718        0xc D:\Online Teaching\Udemy\Rev. Code\stm32f103c8-custom_hal_lib\Debug\libstm32f103c8-custom_hal_lib.a(stm32f1xx_hal.o)
                0x08000718                HAL_MspInit
 .text.HAL_InitTick
                0x08000724       0x38 D:\Online Teaching\Udemy\Rev. Code\stm32f103c8-custom_hal_lib\Debug\libstm32f103c8-custom_hal_lib.a(stm32f1xx_hal.o)
                0x08000724                HAL_InitTick
 .text.HAL_IncTick
                0x0800075c       0x1c D:\Online Teaching\Udemy\Rev. Code\stm32f103c8-custom_hal_lib\Debug\libstm32f103c8-custom_hal_lib.a(stm32f1xx_hal.o)
                0x0800075c                HAL_IncTick
 .text.HAL_GetTick
                0x08000778       0x14 D:\Online Teaching\Udemy\Rev. Code\stm32f103c8-custom_hal_lib\Debug\libstm32f103c8-custom_hal_lib.a(stm32f1xx_hal.o)
                0x08000778                HAL_GetTick
 .text.HAL_Delay
                0x0800078c       0x2c D:\Online Teaching\Udemy\Rev. Code\stm32f103c8-custom_hal_lib\Debug\libstm32f103c8-custom_hal_lib.a(stm32f1xx_hal.o)
                0x0800078c                HAL_Delay
 .text.HAL_ADC_Init
                0x080007b8      0x1fc D:\Online Teaching\Udemy\Rev. Code\stm32f103c8-custom_hal_lib\Debug\libstm32f103c8-custom_hal_lib.a(stm32f1xx_hal_adc.o)
                0x080007b8                HAL_ADC_Init
 .text.HAL_ADC_Start_DMA
                0x080009b4      0x1bc D:\Online Teaching\Udemy\Rev. Code\stm32f103c8-custom_hal_lib\Debug\libstm32f103c8-custom_hal_lib.a(stm32f1xx_hal_adc.o)
                0x080009b4                HAL_ADC_Start_DMA
 .text.HAL_ADC_IRQHandler
                0x08000b70      0x188 D:\Online Teaching\Udemy\Rev. Code\stm32f103c8-custom_hal_lib\Debug\libstm32f103c8-custom_hal_lib.a(stm32f1xx_hal_adc.o)
                0x08000b70                HAL_ADC_IRQHandler
 .text.HAL_ADC_ConvHalfCpltCallback
                0x08000cf8       0x14 D:\Online Teaching\Udemy\Rev. Code\stm32f103c8-custom_hal_lib\Debug\libstm32f103c8-custom_hal_lib.a(stm32f1xx_hal_adc.o)
                0x08000cf8                HAL_ADC_ConvHalfCpltCallback
 .text.HAL_ADC_LevelOutOfWindowCallback
                0x08000d0c       0x14 D:\Online Teaching\Udemy\Rev. Code\stm32f103c8-custom_hal_lib\Debug\libstm32f103c8-custom_hal_lib.a(stm32f1xx_hal_adc.o)
                0x08000d0c                HAL_ADC_LevelOutOfWindowCallback
 .text.HAL_ADC_ErrorCallback
                0x08000d20       0x14 D:\Online Teaching\Udemy\Rev. Code\stm32f103c8-custom_hal_lib\Debug\libstm32f103c8-custom_hal_lib.a(stm32f1xx_hal_adc.o)
                0x08000d20                HAL_ADC_ErrorCallback
 .text.HAL_ADC_ConfigChannel
                0x08000d34      0x2b8 D:\Online Teaching\Udemy\Rev. Code\stm32f103c8-custom_hal_lib\Debug\libstm32f103c8-custom_hal_lib.a(stm32f1xx_hal_adc.o)
                0x08000d34                HAL_ADC_ConfigChannel
 .text.ADC_Enable
                0x08000fec       0xa4 D:\Online Teaching\Udemy\Rev. Code\stm32f103c8-custom_hal_lib\Debug\libstm32f103c8-custom_hal_lib.a(stm32f1xx_hal_adc.o)
                0x08000fec                ADC_Enable
 .text.ADC_ConversionStop_Disable
                0x08001090       0x74 D:\Online Teaching\Udemy\Rev. Code\stm32f103c8-custom_hal_lib\Debug\libstm32f103c8-custom_hal_lib.a(stm32f1xx_hal_adc.o)
                0x08001090                ADC_ConversionStop_Disable
 .text.ADC_DMAConvCplt
                0x08001104       0x7c D:\Online Teaching\Udemy\Rev. Code\stm32f103c8-custom_hal_lib\Debug\libstm32f103c8-custom_hal_lib.a(stm32f1xx_hal_adc.o)
                0x08001104                ADC_DMAConvCplt
 .text.ADC_DMAHalfConvCplt
                0x08001180       0x1c D:\Online Teaching\Udemy\Rev. Code\stm32f103c8-custom_hal_lib\Debug\libstm32f103c8-custom_hal_lib.a(stm32f1xx_hal_adc.o)
                0x08001180                ADC_DMAHalfConvCplt
 .text.ADC_DMAError
                0x0800119c       0x34 D:\Online Teaching\Udemy\Rev. Code\stm32f103c8-custom_hal_lib\Debug\libstm32f103c8-custom_hal_lib.a(stm32f1xx_hal_adc.o)
                0x0800119c                ADC_DMAError
 .text.HAL_ADCEx_InjectedStart_IT
                0x080011d0      0x11c D:\Online Teaching\Udemy\Rev. Code\stm32f103c8-custom_hal_lib\Debug\libstm32f103c8-custom_hal_lib.a(stm32f1xx_hal_adc_ex.o)
                0x080011d0                HAL_ADCEx_InjectedStart_IT
 .text.HAL_ADCEx_InjectedGetValue
                0x080012ec       0x54 D:\Online Teaching\Udemy\Rev. Code\stm32f103c8-custom_hal_lib\Debug\libstm32f103c8-custom_hal_lib.a(stm32f1xx_hal_adc_ex.o)
                0x080012ec                HAL_ADCEx_InjectedGetValue
 .text.HAL_ADCEx_InjectedConfigChannel
                0x08001340      0x3ec D:\Online Teaching\Udemy\Rev. Code\stm32f103c8-custom_hal_lib\Debug\libstm32f103c8-custom_hal_lib.a(stm32f1xx_hal_adc_ex.o)
                0x08001340                HAL_ADCEx_InjectedConfigChannel
 .text.NVIC_SetPriorityGrouping
                0x0800172c       0x48 D:\Online Teaching\Udemy\Rev. Code\stm32f103c8-custom_hal_lib\Debug\libstm32f103c8-custom_hal_lib.a(stm32f1xx_hal_cortex.o)
 .text.NVIC_GetPriorityGrouping
                0x08001774       0x1c D:\Online Teaching\Udemy\Rev. Code\stm32f103c8-custom_hal_lib\Debug\libstm32f103c8-custom_hal_lib.a(stm32f1xx_hal_cortex.o)
 .text.NVIC_EnableIRQ
                0x08001790       0x30 D:\Online Teaching\Udemy\Rev. Code\stm32f103c8-custom_hal_lib\Debug\libstm32f103c8-custom_hal_lib.a(stm32f1xx_hal_cortex.o)
 .text.NVIC_SetPriority
                0x080017c0       0x54 D:\Online Teaching\Udemy\Rev. Code\stm32f103c8-custom_hal_lib\Debug\libstm32f103c8-custom_hal_lib.a(stm32f1xx_hal_cortex.o)
 .text.NVIC_EncodePriority
                0x08001814       0x60 D:\Online Teaching\Udemy\Rev. Code\stm32f103c8-custom_hal_lib\Debug\libstm32f103c8-custom_hal_lib.a(stm32f1xx_hal_cortex.o)
 .text.SysTick_Config
                0x08001874       0x44 D:\Online Teaching\Udemy\Rev. Code\stm32f103c8-custom_hal_lib\Debug\libstm32f103c8-custom_hal_lib.a(stm32f1xx_hal_cortex.o)
 .text.HAL_NVIC_SetPriorityGrouping
                0x080018b8       0x18 D:\Online Teaching\Udemy\Rev. Code\stm32f103c8-custom_hal_lib\Debug\libstm32f103c8-custom_hal_lib.a(stm32f1xx_hal_cortex.o)
                0x080018b8                HAL_NVIC_SetPriorityGrouping
 .text.HAL_NVIC_SetPriority
                0x080018d0       0x38 D:\Online Teaching\Udemy\Rev. Code\stm32f103c8-custom_hal_lib\Debug\libstm32f103c8-custom_hal_lib.a(stm32f1xx_hal_cortex.o)
                0x080018d0                HAL_NVIC_SetPriority
 .text.HAL_NVIC_EnableIRQ
                0x08001908       0x1c D:\Online Teaching\Udemy\Rev. Code\stm32f103c8-custom_hal_lib\Debug\libstm32f103c8-custom_hal_lib.a(stm32f1xx_hal_cortex.o)
                0x08001908                HAL_NVIC_EnableIRQ
 .text.HAL_SYSTICK_Config
                0x08001924       0x18 D:\Online Teaching\Udemy\Rev. Code\stm32f103c8-custom_hal_lib\Debug\libstm32f103c8-custom_hal_lib.a(stm32f1xx_hal_cortex.o)
                0x08001924                HAL_SYSTICK_Config
 .text.HAL_SYSTICK_IRQHandler
                0x0800193c        0xc D:\Online Teaching\Udemy\Rev. Code\stm32f103c8-custom_hal_lib\Debug\libstm32f103c8-custom_hal_lib.a(stm32f1xx_hal_cortex.o)
                0x0800193c                HAL_SYSTICK_IRQHandler
 .text.HAL_SYSTICK_Callback
                0x08001948        0xc D:\Online Teaching\Udemy\Rev. Code\stm32f103c8-custom_hal_lib\Debug\libstm32f103c8-custom_hal_lib.a(stm32f1xx_hal_cortex.o)
                0x08001948                HAL_SYSTICK_Callback
 .text.HAL_DMA_Init
                0x08001954       0x94 D:\Online Teaching\Udemy\Rev. Code\stm32f103c8-custom_hal_lib\Debug\libstm32f103c8-custom_hal_lib.a(stm32f1xx_hal_dma.o)
                0x08001954                HAL_DMA_Init
 .text.HAL_DMA_Start_IT
                0x080019e8       0x94 D:\Online Teaching\Udemy\Rev. Code\stm32f103c8-custom_hal_lib\Debug\libstm32f103c8-custom_hal_lib.a(stm32f1xx_hal_dma.o)
                0x080019e8                HAL_DMA_Start_IT
 .text.HAL_DMA_IRQHandler
                0x08001a7c      0x3e0 D:\Online Teaching\Udemy\Rev. Code\stm32f103c8-custom_hal_lib\Debug\libstm32f103c8-custom_hal_lib.a(stm32f1xx_hal_dma.o)
                0x08001a7c                HAL_DMA_IRQHandler
 .text.DMA_SetConfig
                0x08001e5c       0x4c D:\Online Teaching\Udemy\Rev. Code\stm32f103c8-custom_hal_lib\Debug\libstm32f103c8-custom_hal_lib.a(stm32f1xx_hal_dma.o)
 .text.HAL_GPIO_Init
                0x08001ea8      0x2bc D:\Online Teaching\Udemy\Rev. Code\stm32f103c8-custom_hal_lib\Debug\libstm32f103c8-custom_hal_lib.a(stm32f1xx_hal_gpio.o)
                0x08001ea8                HAL_GPIO_Init
 .text.HAL_GPIO_WritePin
                0x08002164       0x30 D:\Online Teaching\Udemy\Rev. Code\stm32f103c8-custom_hal_lib\Debug\libstm32f103c8-custom_hal_lib.a(stm32f1xx_hal_gpio.o)
                0x08002164                HAL_GPIO_WritePin
 .text.HAL_RCC_OscConfig
                0x08002194     0x1028 D:\Online Teaching\Udemy\Rev. Code\stm32f103c8-custom_hal_lib\Debug\libstm32f103c8-custom_hal_lib.a(stm32f1xx_hal_rcc.o)
                0x08002194                HAL_RCC_OscConfig
 .text.HAL_RCC_ClockConfig
                0x080031bc      0x5dc D:\Online Teaching\Udemy\Rev. Code\stm32f103c8-custom_hal_lib\Debug\libstm32f103c8-custom_hal_lib.a(stm32f1xx_hal_rcc.o)
                0x080031bc                HAL_RCC_ClockConfig
 .text.HAL_RCC_GetSysClockFreq
                0x08003798       0xf4 D:\Online Teaching\Udemy\Rev. Code\stm32f103c8-custom_hal_lib\Debug\libstm32f103c8-custom_hal_lib.a(stm32f1xx_hal_rcc.o)
                0x08003798                HAL_RCC_GetSysClockFreq
 .text.HAL_RCC_GetHCLKFreq
                0x0800388c       0x50 D:\Online Teaching\Udemy\Rev. Code\stm32f103c8-custom_hal_lib\Debug\libstm32f103c8-custom_hal_lib.a(stm32f1xx_hal_rcc.o)
                0x0800388c                HAL_RCC_GetHCLKFreq
 .text.HAL_RCCEx_PeriphCLKConfig
                0x080038dc      0x1e0 D:\Online Teaching\Udemy\Rev. Code\stm32f103c8-custom_hal_lib\Debug\libstm32f103c8-custom_hal_lib.a(stm32f1xx_hal_rcc_ex.o)
                0x080038dc                HAL_RCCEx_PeriphCLKConfig
 .text.HAL_TIM_Base_Init
                0x08003abc       0x58 D:\Online Teaching\Udemy\Rev. Code\stm32f103c8-custom_hal_lib\Debug\libstm32f103c8-custom_hal_lib.a(stm32f1xx_hal_tim.o)
                0x08003abc                HAL_TIM_Base_Init
 .text.HAL_TIM_Base_Start
                0x08003b14       0x34 D:\Online Teaching\Udemy\Rev. Code\stm32f103c8-custom_hal_lib\Debug\libstm32f103c8-custom_hal_lib.a(stm32f1xx_hal_tim.o)
                0x08003b14                HAL_TIM_Base_Start
 .text.TIM_Base_SetConfig
                0x08003b48       0xbc D:\Online Teaching\Udemy\Rev. Code\stm32f103c8-custom_hal_lib\Debug\libstm32f103c8-custom_hal_lib.a(stm32f1xx_hal_tim.o)
                0x08003b48                TIM_Base_SetConfig
 .text.HAL_TIMEx_MasterConfigSynchronization
                0x08003c04       0x88 D:\Online Teaching\Udemy\Rev. Code\stm32f103c8-custom_hal_lib\Debug\libstm32f103c8-custom_hal_lib.a(stm32f1xx_hal_tim_ex.o)
                0x08003c04                HAL_TIMEx_MasterConfigSynchronization
 .text.__libc_init_array
                0x08003c8c       0x50 c:/ac6/systemworkbench/plugins/fr.ac6.mcu.externaltools.arm-none.win32_1.7.0.201602121829/tools/compiler/bin/../lib/gcc/arm-none-eabi/5.2.1/../../../../arm-none-eabi/lib/armv7-m\libc.a(lib_a-init.o)
                0x08003c8c                __libc_init_array
 .text.startup.register_fini
                0x08003cdc       0x14 c:/ac6/systemworkbench/plugins/fr.ac6.mcu.externaltools.arm-none.win32_1.7.0.201602121829/tools/compiler/bin/../lib/gcc/arm-none-eabi/5.2.1/../../../../arm-none-eabi/lib/armv7-m\libc.a(lib_a-__call_atexit.o)
 .text.atexit   0x08003cf0        0xc c:/ac6/systemworkbench/plugins/fr.ac6.mcu.externaltools.arm-none.win32_1.7.0.201602121829/tools/compiler/bin/../lib/gcc/arm-none-eabi/5.2.1/../../../../arm-none-eabi/lib/armv7-m\libc.a(lib_a-atexit.o)
                0x08003cf0                atexit
 .text.__libc_fini_array
                0x08003cfc       0x28 c:/ac6/systemworkbench/plugins/fr.ac6.mcu.externaltools.arm-none.win32_1.7.0.201602121829/tools/compiler/bin/../lib/gcc/arm-none-eabi/5.2.1/../../../../arm-none-eabi/lib/armv7-m\libc.a(lib_a-fini.o)
                0x08003cfc                __libc_fini_array
 .text.__register_exitproc
                0x08003d24       0xa4 c:/ac6/systemworkbench/plugins/fr.ac6.mcu.externaltools.arm-none.win32_1.7.0.201602121829/tools/compiler/bin/../lib/gcc/arm-none-eabi/5.2.1/../../../../arm-none-eabi/lib/armv7-m\libc.a(lib_a-__atexit.o)
                0x08003d24                __register_exitproc
 *(.glue_7)
 .glue_7        0x08003dc8        0x0 linker stubs
 *(.glue_7t)
 .glue_7t       0x08003dc8        0x0 linker stubs
 *(.eh_frame)
 .eh_frame      0x08003dc8        0x0 c:/ac6/systemworkbench/plugins/fr.ac6.mcu.externaltools.arm-none.win32_1.7.0.201602121829/tools/compiler/bin/../lib/gcc/arm-none-eabi/5.2.1/armv7-m/crtbegin.o
 *(.init)
 .init          0x08003dc8        0x4 c:/ac6/systemworkbench/plugins/fr.ac6.mcu.externaltools.arm-none.win32_1.7.0.201602121829/tools/compiler/bin/../lib/gcc/arm-none-eabi/5.2.1/armv7-m/crti.o
                0x08003dc8                _init
 .init          0x08003dcc        0x8 c:/ac6/systemworkbench/plugins/fr.ac6.mcu.externaltools.arm-none.win32_1.7.0.201602121829/tools/compiler/bin/../lib/gcc/arm-none-eabi/5.2.1/armv7-m/crtn.o
 *(.fini)
 .fini          0x08003dd4        0x4 c:/ac6/systemworkbench/plugins/fr.ac6.mcu.externaltools.arm-none.win32_1.7.0.201602121829/tools/compiler/bin/../lib/gcc/arm-none-eabi/5.2.1/armv7-m/crti.o
                0x08003dd4                _fini
 .fini          0x08003dd8        0x8 c:/ac6/systemworkbench/plugins/fr.ac6.mcu.externaltools.arm-none.win32_1.7.0.201602121829/tools/compiler/bin/../lib/gcc/arm-none-eabi/5.2.1/armv7-m/crtn.o
                0x08003de0                . = ALIGN (0x4)
                0x08003de0                _etext = .

.vfp11_veneer   0x08003de0        0x0
 .vfp11_veneer  0x08003de0        0x0 linker stubs

.v4_bx          0x08003de0        0x0
 .v4_bx         0x08003de0        0x0 linker stubs

.iplt           0x08003de0        0x0
 .iplt          0x08003de0        0x0 c:/ac6/systemworkbench/plugins/fr.ac6.mcu.externaltools.arm-none.win32_1.7.0.201602121829/tools/compiler/bin/../lib/gcc/arm-none-eabi/5.2.1/armv7-m/crtbegin.o

.rodata         0x08003de0       0x2c
                0x08003de0                . = ALIGN (0x4)
 *(.rodata)
 .rodata        0x08003de0       0x22 D:\Online Teaching\Udemy\Rev. Code\stm32f103c8-custom_hal_lib\Debug\libstm32f103c8-custom_hal_lib.a(stm32f1xx_hal_rcc.o)
                0x08003de0                aAPBAHBPrescTable
 *(.rodata*)
 *fill*         0x08003e02        0x2 
 .rodata.str1.4
                0x08003e04        0x4 c:/ac6/systemworkbench/plugins/fr.ac6.mcu.externaltools.arm-none.win32_1.7.0.201602121829/tools/compiler/bin/../lib/gcc/arm-none-eabi/5.2.1/../../../../arm-none-eabi/lib/armv7-m\libc.a(lib_a-impure.o)
                                  0x2 (size before relaxing)
 .rodata._global_impure_ptr
                0x08003e08        0x4 c:/ac6/systemworkbench/plugins/fr.ac6.mcu.externaltools.arm-none.win32_1.7.0.201602121829/tools/compiler/bin/../lib/gcc/arm-none-eabi/5.2.1/../../../../arm-none-eabi/lib/armv7-m\libc.a(lib_a-impure.o)
                0x08003e08                _global_impure_ptr
                0x08003e0c                . = ALIGN (0x4)

.rel.dyn        0x08003e0c        0x0
 .rel.iplt      0x08003e0c        0x0 c:/ac6/systemworkbench/plugins/fr.ac6.mcu.externaltools.arm-none.win32_1.7.0.201602121829/tools/compiler/bin/../lib/gcc/arm-none-eabi/5.2.1/armv7-m/crtbegin.o

.ARM.extab      0x08003e0c        0x0
                0x08003e0c                . = ALIGN (0x4)
 *(.ARM.extab* .gnu.linkonce.armextab.*)
                0x08003e0c                . = ALIGN (0x4)

.ARM            0x08003e0c        0x0
                0x08003e0c                . = ALIGN (0x4)
                0x08003e0c                __exidx_start = .
 *(.ARM.exidx*)
                0x08003e0c                __exidx_end = .
                0x08003e0c                . = ALIGN (0x4)

.preinit_array  0x08003e0c        0x0
                0x08003e0c                . = ALIGN (0x4)
                0x08003e0c                PROVIDE (__preinit_array_start, .)
 *(.preinit_array*)
                0x08003e0c                PROVIDE (__preinit_array_end, .)
                0x08003e0c                . = ALIGN (0x4)

.init_array     0x08003e0c        0x8
                0x08003e0c                . = ALIGN (0x4)
                0x08003e0c                PROVIDE (__init_array_start, .)
 *(SORT(.init_array.*))
 .init_array.00000
                0x08003e0c        0x4 c:/ac6/systemworkbench/plugins/fr.ac6.mcu.externaltools.arm-none.win32_1.7.0.201602121829/tools/compiler/bin/../lib/gcc/arm-none-eabi/5.2.1/../../../../arm-none-eabi/lib/armv7-m\libc.a(lib_a-__call_atexit.o)
 *(.init_array*)
 .init_array    0x08003e10        0x4 c:/ac6/systemworkbench/plugins/fr.ac6.mcu.externaltools.arm-none.win32_1.7.0.201602121829/tools/compiler/bin/../lib/gcc/arm-none-eabi/5.2.1/armv7-m/crtbegin.o
                0x08003e14                PROVIDE (__init_array_end, .)
                0x08003e14                . = ALIGN (0x4)

.fini_array     0x08003e14        0x4
                0x08003e14                . = ALIGN (0x4)
                0x08003e14                PROVIDE (__fini_array_start, .)
 *(SORT(.fini_array.*))
 *(.fini_array*)
 .fini_array    0x08003e14        0x4 c:/ac6/systemworkbench/plugins/fr.ac6.mcu.externaltools.arm-none.win32_1.7.0.201602121829/tools/compiler/bin/../lib/gcc/arm-none-eabi/5.2.1/armv7-m/crtbegin.o
                0x08003e18                PROVIDE (__fini_array_end, .)
                0x08003e18                . = ALIGN (0x4)
                0x08003e18                _sidata = LOADADDR (.data)

.data           0x20000000      0x430 load address 0x08003e18
                0x20000000                . = ALIGN (0x4)
                0x20000000                _sdata = .
 *(.data)
 .data          0x20000000        0x4 src/system_stm32f1xx.o
                0x20000000                SystemCoreClock
 *(.data*)
 *fill*         0x20000004        0x4 
 .data.impure_data
                0x20000008      0x428 c:/ac6/systemworkbench/plugins/fr.ac6.mcu.externaltools.arm-none.win32_1.7.0.201602121829/tools/compiler/bin/../lib/gcc/arm-none-eabi/5.2.1/../../../../arm-none-eabi/lib/armv7-m\libc.a(lib_a-impure.o)
                0x20000430                . = ALIGN (0x4)
                0x20000430                _edata = .

.jcr            0x20000430        0x0 load address 0x08004248
 .jcr           0x20000430        0x0 c:/ac6/systemworkbench/plugins/fr.ac6.mcu.externaltools.arm-none.win32_1.7.0.201602121829/tools/compiler/bin/../lib/gcc/arm-none-eabi/5.2.1/armv7-m/crtbegin.o

.tm_clone_table
                0x20000430        0x0 load address 0x08004248
 .tm_clone_table
                0x20000430        0x0 c:/ac6/systemworkbench/plugins/fr.ac6.mcu.externaltools.arm-none.win32_1.7.0.201602121829/tools/compiler/bin/../lib/gcc/arm-none-eabi/5.2.1/armv7-m/crtbegin.o
 .tm_clone_table
                0x20000430        0x0 c:/ac6/systemworkbench/plugins/fr.ac6.mcu.externaltools.arm-none.win32_1.7.0.201602121829/tools/compiler/bin/../lib/gcc/arm-none-eabi/5.2.1/armv7-m/crtend.o

.igot.plt       0x20000430        0x0 load address 0x08004248
 .igot.plt      0x20000430        0x0 c:/ac6/systemworkbench/plugins/fr.ac6.mcu.externaltools.arm-none.win32_1.7.0.201602121829/tools/compiler/bin/../lib/gcc/arm-none-eabi/5.2.1/armv7-m/crtbegin.o
                0x20000430                . = ALIGN (0x4)

.bss            0x20000430       0xcc load address 0x08004248
                0x20000430                _sbss = .
                0x20000430                __bss_start__ = _sbss
 *(.bss)
 .bss           0x20000430       0x1c c:/ac6/systemworkbench/plugins/fr.ac6.mcu.externaltools.arm-none.win32_1.7.0.201602121829/tools/compiler/bin/../lib/gcc/arm-none-eabi/5.2.1/armv7-m/crtbegin.o
 .bss           0x2000044c       0x38 src/main.o
 .bss           0x20000484        0x4 D:\Online Teaching\Udemy\Rev. Code\stm32f103c8-custom_hal_lib\Debug\libstm32f103c8-custom_hal_lib.a(stm32f1xx_hal.o)
 *(.bss*)
 *(COMMON)
 COMMON         0x20000488       0x72 src/main.o
                0x20000488                injectedAdcValue
                0x2000048c                timHandle
                0x200004c8                adcHandle
                0x200004f8                regularAdcValue
                0x200004fc                . = ALIGN (0x4)
 *fill*         0x200004fa        0x2 
                0x200004fc                _ebss = .
                0x200004fc                __bss_end__ = _ebss

._user_heap_stack
                0x200004fc      0x404 load address 0x08004248
                0x20000500                . = ALIGN (0x8)
 *fill*         0x200004fc        0x4 
                0x20000500                PROVIDE (end, .)
                [!provide]                PROVIDE (_end, .)
                0x20000500                . = (. + _Min_Heap_Size)
                0x20000900                . = (. + _Min_Stack_Size)
 *fill*         0x20000500      0x400 
                0x20000900                . = ALIGN (0x8)

/DISCARD/
 libc.a(*)
 libm.a(*)
 libgcc.a(*)

.ARM.attributes
                0x00000000       0x29
 *(.ARM.attributes)
 .ARM.attributes
                0x00000000       0x1d c:/ac6/systemworkbench/plugins/fr.ac6.mcu.externaltools.arm-none.win32_1.7.0.201602121829/tools/compiler/bin/../lib/gcc/arm-none-eabi/5.2.1/armv7-m/crti.o
 .ARM.attributes
                0x0000001d       0x2d c:/ac6/systemworkbench/plugins/fr.ac6.mcu.externaltools.arm-none.win32_1.7.0.201602121829/tools/compiler/bin/../lib/gcc/arm-none-eabi/5.2.1/armv7-m/crtbegin.o
 .ARM.attributes
                0x0000004a       0x33 src/main.o
 .ARM.attributes
                0x0000007d       0x33 src/stm32f4xx_it.o
 .ARM.attributes
                0x000000b0       0x33 src/system_stm32f1xx.o
 .ARM.attributes
                0x000000e3       0x21 startup/startup_stm32.o
 .ARM.attributes
                0x00000104       0x33 D:\Online Teaching\Udemy\Rev. Code\stm32f103c8-custom_hal_lib\Debug\libstm32f103c8-custom_hal_lib.a(stm32f1xx_hal.o)
 .ARM.attributes
                0x00000137       0x33 D:\Online Teaching\Udemy\Rev. Code\stm32f103c8-custom_hal_lib\Debug\libstm32f103c8-custom_hal_lib.a(stm32f1xx_hal_adc.o)
 .ARM.attributes
                0x0000016a       0x33 D:\Online Teaching\Udemy\Rev. Code\stm32f103c8-custom_hal_lib\Debug\libstm32f103c8-custom_hal_lib.a(stm32f1xx_hal_adc_ex.o)
 .ARM.attributes
                0x0000019d       0x33 D:\Online Teaching\Udemy\Rev. Code\stm32f103c8-custom_hal_lib\Debug\libstm32f103c8-custom_hal_lib.a(stm32f1xx_hal_cortex.o)
 .ARM.attributes
                0x000001d0       0x33 D:\Online Teaching\Udemy\Rev. Code\stm32f103c8-custom_hal_lib\Debug\libstm32f103c8-custom_hal_lib.a(stm32f1xx_hal_dma.o)
 .ARM.attributes
                0x00000203       0x33 D:\Online Teaching\Udemy\Rev. Code\stm32f103c8-custom_hal_lib\Debug\libstm32f103c8-custom_hal_lib.a(stm32f1xx_hal_gpio.o)
 .ARM.attributes
                0x00000236       0x33 D:\Online Teaching\Udemy\Rev. Code\stm32f103c8-custom_hal_lib\Debug\libstm32f103c8-custom_hal_lib.a(stm32f1xx_hal_rcc.o)
 .ARM.attributes
                0x00000269       0x33 D:\Online Teaching\Udemy\Rev. Code\stm32f103c8-custom_hal_lib\Debug\libstm32f103c8-custom_hal_lib.a(stm32f1xx_hal_rcc_ex.o)
 .ARM.attributes
                0x0000029c       0x33 D:\Online Teaching\Udemy\Rev. Code\stm32f103c8-custom_hal_lib\Debug\libstm32f103c8-custom_hal_lib.a(stm32f1xx_hal_tim.o)
 .ARM.attributes
                0x000002cf       0x33 D:\Online Teaching\Udemy\Rev. Code\stm32f103c8-custom_hal_lib\Debug\libstm32f103c8-custom_hal_lib.a(stm32f1xx_hal_tim_ex.o)
 .ARM.attributes
                0x00000302       0x2d c:/ac6/systemworkbench/plugins/fr.ac6.mcu.externaltools.arm-none.win32_1.7.0.201602121829/tools/compiler/bin/../lib/gcc/arm-none-eabi/5.2.1/../../../../arm-none-eabi/lib/armv7-m\libc.a(lib_a-impure.o)
 .ARM.attributes
                0x0000032f       0x2d c:/ac6/systemworkbench/plugins/fr.ac6.mcu.externaltools.arm-none.win32_1.7.0.201602121829/tools/compiler/bin/../lib/gcc/arm-none-eabi/5.2.1/../../../../arm-none-eabi/lib/armv7-m\libc.a(lib_a-init.o)
 .ARM.attributes
                0x0000035c       0x2d c:/ac6/systemworkbench/plugins/fr.ac6.mcu.externaltools.arm-none.win32_1.7.0.201602121829/tools/compiler/bin/../lib/gcc/arm-none-eabi/5.2.1/../../../../arm-none-eabi/lib/armv7-m\libc.a(lib_a-__call_atexit.o)
 .ARM.attributes
                0x00000389       0x2d c:/ac6/systemworkbench/plugins/fr.ac6.mcu.externaltools.arm-none.win32_1.7.0.201602121829/tools/compiler/bin/../lib/gcc/arm-none-eabi/5.2.1/../../../../arm-none-eabi/lib/armv7-m\libc.a(lib_a-atexit.o)
 .ARM.attributes
                0x000003b6       0x2d c:/ac6/systemworkbench/plugins/fr.ac6.mcu.externaltools.arm-none.win32_1.7.0.201602121829/tools/compiler/bin/../lib/gcc/arm-none-eabi/5.2.1/../../../../arm-none-eabi/lib/armv7-m\libc.a(lib_a-fini.o)
 .ARM.attributes
                0x000003e3       0x2d c:/ac6/systemworkbench/plugins/fr.ac6.mcu.externaltools.arm-none.win32_1.7.0.201602121829/tools/compiler/bin/../lib/gcc/arm-none-eabi/5.2.1/../../../../arm-none-eabi/lib/armv7-m\libc.a(lib_a-__atexit.o)
 .ARM.attributes
                0x00000410       0x2d c:/ac6/systemworkbench/plugins/fr.ac6.mcu.externaltools.arm-none.win32_1.7.0.201602121829/tools/compiler/bin/../lib/gcc/arm-none-eabi/5.2.1/armv7-m/crtend.o
 .ARM.attributes
                0x0000043d       0x1d c:/ac6/systemworkbench/plugins/fr.ac6.mcu.externaltools.arm-none.win32_1.7.0.201602121829/tools/compiler/bin/../lib/gcc/arm-none-eabi/5.2.1/armv7-m/crtn.o
OUTPUT(stm32f103-hal-adc-injected-channel.elf elf32-littlearm)

.debug_info     0x00000000     0x97bc
 .debug_info    0x00000000      0xe44 src/main.o
 .debug_info    0x00000e44      0x48c src/stm32f4xx_it.o
 .debug_info    0x000012d0      0x3a8 src/system_stm32f1xx.o
 .debug_info    0x00001678       0x8c startup/startup_stm32.o
 .debug_info    0x00001704      0x5e7 D:\Online Teaching\Udemy\Rev. Code\stm32f103c8-custom_hal_lib\Debug\libstm32f103c8-custom_hal_lib.a(stm32f1xx_hal.o)
 .debug_info    0x00001ceb      0xe14 D:\Online Teaching\Udemy\Rev. Code\stm32f103c8-custom_hal_lib\Debug\libstm32f103c8-custom_hal_lib.a(stm32f1xx_hal_adc.o)
 .debug_info    0x00002aff      0xae0 D:\Online Teaching\Udemy\Rev. Code\stm32f103c8-custom_hal_lib\Debug\libstm32f103c8-custom_hal_lib.a(stm32f1xx_hal_adc_ex.o)
 .debug_info    0x000035df      0xaae D:\Online Teaching\Udemy\Rev. Code\stm32f103c8-custom_hal_lib\Debug\libstm32f103c8-custom_hal_lib.a(stm32f1xx_hal_cortex.o)
 .debug_info    0x0000408d      0x58c D:\Online Teaching\Udemy\Rev. Code\stm32f103c8-custom_hal_lib\Debug\libstm32f103c8-custom_hal_lib.a(stm32f1xx_hal_dma.o)
 .debug_info    0x00004619      0x5f9 D:\Online Teaching\Udemy\Rev. Code\stm32f103c8-custom_hal_lib\Debug\libstm32f103c8-custom_hal_lib.a(stm32f1xx_hal_gpio.o)
 .debug_info    0x00004c12     0x16b9 D:\Online Teaching\Udemy\Rev. Code\stm32f103c8-custom_hal_lib\Debug\libstm32f103c8-custom_hal_lib.a(stm32f1xx_hal_rcc.o)
 .debug_info    0x000062cb      0x540 D:\Online Teaching\Udemy\Rev. Code\stm32f103c8-custom_hal_lib\Debug\libstm32f103c8-custom_hal_lib.a(stm32f1xx_hal_rcc_ex.o)
 .debug_info    0x0000680b     0x210a D:\Online Teaching\Udemy\Rev. Code\stm32f103c8-custom_hal_lib\Debug\libstm32f103c8-custom_hal_lib.a(stm32f1xx_hal_tim.o)
 .debug_info    0x00008915      0xea7 D:\Online Teaching\Udemy\Rev. Code\stm32f103c8-custom_hal_lib\Debug\libstm32f103c8-custom_hal_lib.a(stm32f1xx_hal_tim_ex.o)

.debug_abbrev   0x00000000     0x190d
 .debug_abbrev  0x00000000      0x207 src/main.o
 .debug_abbrev  0x00000207      0x125 src/stm32f4xx_it.o
 .debug_abbrev  0x0000032c      0x125 src/system_stm32f1xx.o
 .debug_abbrev  0x00000451       0x12 startup/startup_stm32.o
 .debug_abbrev  0x00000463      0x1fb D:\Online Teaching\Udemy\Rev. Code\stm32f103c8-custom_hal_lib\Debug\libstm32f103c8-custom_hal_lib.a(stm32f1xx_hal.o)
 .debug_abbrev  0x0000065e      0x208 D:\Online Teaching\Udemy\Rev. Code\stm32f103c8-custom_hal_lib\Debug\libstm32f103c8-custom_hal_lib.a(stm32f1xx_hal_adc.o)
 .debug_abbrev  0x00000866      0x228 D:\Online Teaching\Udemy\Rev. Code\stm32f103c8-custom_hal_lib\Debug\libstm32f103c8-custom_hal_lib.a(stm32f1xx_hal_adc_ex.o)
 .debug_abbrev  0x00000a8e      0x273 D:\Online Teaching\Udemy\Rev. Code\stm32f103c8-custom_hal_lib\Debug\libstm32f103c8-custom_hal_lib.a(stm32f1xx_hal_cortex.o)
 .debug_abbrev  0x00000d01      0x1b8 D:\Online Teaching\Udemy\Rev. Code\stm32f103c8-custom_hal_lib\Debug\libstm32f103c8-custom_hal_lib.a(stm32f1xx_hal_dma.o)
 .debug_abbrev  0x00000eb9      0x1af D:\Online Teaching\Udemy\Rev. Code\stm32f103c8-custom_hal_lib\Debug\libstm32f103c8-custom_hal_lib.a(stm32f1xx_hal_gpio.o)
 .debug_abbrev  0x00001068      0x2aa D:\Online Teaching\Udemy\Rev. Code\stm32f103c8-custom_hal_lib\Debug\libstm32f103c8-custom_hal_lib.a(stm32f1xx_hal_rcc.o)
 .debug_abbrev  0x00001312      0x1ee D:\Online Teaching\Udemy\Rev. Code\stm32f103c8-custom_hal_lib\Debug\libstm32f103c8-custom_hal_lib.a(stm32f1xx_hal_rcc_ex.o)
 .debug_abbrev  0x00001500      0x20b D:\Online Teaching\Udemy\Rev. Code\stm32f103c8-custom_hal_lib\Debug\libstm32f103c8-custom_hal_lib.a(stm32f1xx_hal_tim.o)
 .debug_abbrev  0x0000170b      0x202 D:\Online Teaching\Udemy\Rev. Code\stm32f103c8-custom_hal_lib\Debug\libstm32f103c8-custom_hal_lib.a(stm32f1xx_hal_tim_ex.o)

.debug_aranges  0x00000000      0xa20
 .debug_aranges
                0x00000000       0x68 src/main.o
 .debug_aranges
                0x00000068       0x30 src/stm32f4xx_it.o
 .debug_aranges
                0x00000098       0x28 src/system_stm32f1xx.o
 .debug_aranges
                0x000000c0       0x28 startup/startup_stm32.o
 .debug_aranges
                0x000000e8       0xb0 D:\Online Teaching\Udemy\Rev. Code\stm32f103c8-custom_hal_lib\Debug\libstm32f103c8-custom_hal_lib.a(stm32f1xx_hal.o)
 .debug_aranges
                0x00000198       0xf0 D:\Online Teaching\Udemy\Rev. Code\stm32f103c8-custom_hal_lib\Debug\libstm32f103c8-custom_hal_lib.a(stm32f1xx_hal_adc.o)
 .debug_aranges
                0x00000288       0x80 D:\Online Teaching\Udemy\Rev. Code\stm32f103c8-custom_hal_lib\Debug\libstm32f103c8-custom_hal_lib.a(stm32f1xx_hal_adc_ex.o)
 .debug_aranges
                0x00000308      0x100 D:\Online Teaching\Udemy\Rev. Code\stm32f103c8-custom_hal_lib\Debug\libstm32f103c8-custom_hal_lib.a(stm32f1xx_hal_cortex.o)
 .debug_aranges
                0x00000408       0x68 D:\Online Teaching\Udemy\Rev. Code\stm32f103c8-custom_hal_lib\Debug\libstm32f103c8-custom_hal_lib.a(stm32f1xx_hal_dma.o)
 .debug_aranges
                0x00000470       0x58 D:\Online Teaching\Udemy\Rev. Code\stm32f103c8-custom_hal_lib\Debug\libstm32f103c8-custom_hal_lib.a(stm32f1xx_hal_gpio.o)
 .debug_aranges
                0x000004c8       0x88 D:\Online Teaching\Udemy\Rev. Code\stm32f103c8-custom_hal_lib\Debug\libstm32f103c8-custom_hal_lib.a(stm32f1xx_hal_rcc.o)
 .debug_aranges
                0x00000550       0x30 D:\Online Teaching\Udemy\Rev. Code\stm32f103c8-custom_hal_lib\Debug\libstm32f103c8-custom_hal_lib.a(stm32f1xx_hal_rcc_ex.o)
 .debug_aranges
                0x00000580      0x368 D:\Online Teaching\Udemy\Rev. Code\stm32f103c8-custom_hal_lib\Debug\libstm32f103c8-custom_hal_lib.a(stm32f1xx_hal_tim.o)
 .debug_aranges
                0x000008e8      0x138 D:\Online Teaching\Udemy\Rev. Code\stm32f103c8-custom_hal_lib\Debug\libstm32f103c8-custom_hal_lib.a(stm32f1xx_hal_tim_ex.o)

.debug_ranges   0x00000000      0x948
 .debug_ranges  0x00000000       0x58 src/main.o
 .debug_ranges  0x00000058       0x20 src/stm32f4xx_it.o
 .debug_ranges  0x00000078       0x18 src/system_stm32f1xx.o
 .debug_ranges  0x00000090       0x20 startup/startup_stm32.o
 .debug_ranges  0x000000b0       0xa0 D:\Online Teaching\Udemy\Rev. Code\stm32f103c8-custom_hal_lib\Debug\libstm32f103c8-custom_hal_lib.a(stm32f1xx_hal.o)
 .debug_ranges  0x00000150       0xe0 D:\Online Teaching\Udemy\Rev. Code\stm32f103c8-custom_hal_lib\Debug\libstm32f103c8-custom_hal_lib.a(stm32f1xx_hal_adc.o)
 .debug_ranges  0x00000230       0x70 D:\Online Teaching\Udemy\Rev. Code\stm32f103c8-custom_hal_lib\Debug\libstm32f103c8-custom_hal_lib.a(stm32f1xx_hal_adc_ex.o)
 .debug_ranges  0x000002a0       0xf0 D:\Online Teaching\Udemy\Rev. Code\stm32f103c8-custom_hal_lib\Debug\libstm32f103c8-custom_hal_lib.a(stm32f1xx_hal_cortex.o)
 .debug_ranges  0x00000390       0x58 D:\Online Teaching\Udemy\Rev. Code\stm32f103c8-custom_hal_lib\Debug\libstm32f103c8-custom_hal_lib.a(stm32f1xx_hal_dma.o)
 .debug_ranges  0x000003e8       0x48 D:\Online Teaching\Udemy\Rev. Code\stm32f103c8-custom_hal_lib\Debug\libstm32f103c8-custom_hal_lib.a(stm32f1xx_hal_gpio.o)
 .debug_ranges  0x00000430       0x78 D:\Online Teaching\Udemy\Rev. Code\stm32f103c8-custom_hal_lib\Debug\libstm32f103c8-custom_hal_lib.a(stm32f1xx_hal_rcc.o)
 .debug_ranges  0x000004a8       0x20 D:\Online Teaching\Udemy\Rev. Code\stm32f103c8-custom_hal_lib\Debug\libstm32f103c8-custom_hal_lib.a(stm32f1xx_hal_rcc_ex.o)
 .debug_ranges  0x000004c8      0x358 D:\Online Teaching\Udemy\Rev. Code\stm32f103c8-custom_hal_lib\Debug\libstm32f103c8-custom_hal_lib.a(stm32f1xx_hal_tim.o)
 .debug_ranges  0x00000820      0x128 D:\Online Teaching\Udemy\Rev. Code\stm32f103c8-custom_hal_lib\Debug\libstm32f103c8-custom_hal_lib.a(stm32f1xx_hal_tim_ex.o)

.debug_macro    0x00000000    0x1363d
 .debug_macro   0x00000000      0x3c3 src/main.o
 .debug_macro   0x000003c3      0x88c src/main.o
 .debug_macro   0x00000c4f      0x216 src/main.o
 .debug_macro   0x00000e65       0x28 src/main.o
 .debug_macro   0x00000e8d       0x22 src/main.o
 .debug_macro   0x00000eaf       0x22 src/main.o
 .debug_macro   0x00000ed1       0x44 src/main.o
 .debug_macro   0x00000f15       0xfd src/main.o
 .debug_macro   0x00001012       0x22 src/main.o
 .debug_macro   0x00001034      0x1df src/main.o
 .debug_macro   0x00001213       0x34 src/main.o
 .debug_macro   0x00001247       0x34 src/main.o
 .debug_macro   0x0000127b      0xb8e src/main.o
 .debug_macro   0x00001e09     0x69eb src/main.o
 .debug_macro   0x000087f4       0x43 src/main.o
 .debug_macro   0x00008837     0x31c3 src/main.o
 .debug_macro   0x0000b9fa       0x58 src/main.o
 .debug_macro   0x0000ba52       0x35 src/main.o
 .debug_macro   0x0000ba87       0x9c src/main.o
 .debug_macro   0x0000bb23       0x16 src/main.o
 .debug_macro   0x0000bb39       0x97 src/main.o
 .debug_macro   0x0000bbd0      0x329 src/main.o
 .debug_macro   0x0000bef9       0xfd src/main.o
 .debug_macro   0x0000bff6       0x10 src/main.o
 .debug_macro   0x0000c006       0x52 src/main.o
 .debug_macro   0x0000c058       0x16 src/main.o
 .debug_macro   0x0000c06e       0x43 src/main.o
 .debug_macro   0x0000c0b1      0x187 src/main.o
 .debug_macro   0x0000c238       0x10 src/main.o
 .debug_macro   0x0000c248       0x22 src/main.o
 .debug_macro   0x0000c26a       0x3a src/main.o
 .debug_macro   0x0000c2a4       0x10 src/main.o
 .debug_macro   0x0000c2b4       0x40 src/main.o
 .debug_macro   0x0000c2f4       0x65 src/main.o
 .debug_macro   0x0000c359       0x16 src/main.o
 .debug_macro   0x0000c36f      0x197 src/main.o
 .debug_macro   0x0000c506       0x57 src/main.o
 .debug_macro   0x0000c55d      0x77f src/main.o
 .debug_macro   0x0000ccdc      0x28b src/main.o
 .debug_macro   0x0000cf67      0x141 src/main.o
 .debug_macro   0x0000d0a8      0x197 src/main.o
 .debug_macro   0x0000d23f      0x1a7 src/main.o
 .debug_macro   0x0000d3e6       0x2d src/main.o
 .debug_macro   0x0000d413       0x3c src/main.o
 .debug_macro   0x0000d44f      0x401 src/main.o
 .debug_macro   0x0000d850       0x10 src/main.o
 .debug_macro   0x0000d860       0x57 src/main.o
 .debug_macro   0x0000d8b7      0x46a src/main.o
 .debug_macro   0x0000dd21      0x1b5 src/main.o
 .debug_macro   0x0000ded6       0x22 src/main.o
 .debug_macro   0x0000def8       0x8c src/main.o
 .debug_macro   0x0000df84      0x242 src/main.o
 .debug_macro   0x0000e1c6      0x225 src/main.o
 .debug_macro   0x0000e3eb       0x99 src/main.o
 .debug_macro   0x0000e484      0x143 src/main.o
 .debug_macro   0x0000e5c7      0x1ef src/main.o
 .debug_macro   0x0000e7b6       0xf2 src/main.o
 .debug_macro   0x0000e8a8      0x1f4 src/main.o
 .debug_macro   0x0000ea9c      0x83e src/main.o
 .debug_macro   0x0000f2da       0x11 src/main.o
 .debug_macro   0x0000f2eb      0x256 src/main.o
 .debug_macro   0x0000f541      0x225 src/main.o
 .debug_macro   0x0000f766      0x1a7 src/main.o
 .debug_macro   0x0000f90d      0x2d4 src/main.o
 .debug_macro   0x0000fbe1       0x8e src/main.o
 .debug_macro   0x0000fc6f       0x50 src/main.o
 .debug_macro   0x0000fcbf      0x26c src/main.o
 .debug_macro   0x0000ff2b       0x7c src/main.o
 .debug_macro   0x0000ffa7      0x3cd src/stm32f4xx_it.o
 .debug_macro   0x00010374      0x3c9 src/system_stm32f1xx.o
 .debug_macro   0x0001073d      0x3e7 D:\Online Teaching\Udemy\Rev. Code\stm32f103c8-custom_hal_lib\Debug\libstm32f103c8-custom_hal_lib.a(stm32f1xx_hal.o)
 .debug_macro   0x00010b24      0x886 D:\Online Teaching\Udemy\Rev. Code\stm32f103c8-custom_hal_lib\Debug\libstm32f103c8-custom_hal_lib.a(stm32f1xx_hal.o)
 .debug_macro   0x000113aa      0x3e0 D:\Online Teaching\Udemy\Rev. Code\stm32f103c8-custom_hal_lib\Debug\libstm32f103c8-custom_hal_lib.a(stm32f1xx_hal_adc.o)
 .debug_macro   0x0001178a      0x3d5 D:\Online Teaching\Udemy\Rev. Code\stm32f103c8-custom_hal_lib\Debug\libstm32f103c8-custom_hal_lib.a(stm32f1xx_hal_adc_ex.o)
 .debug_macro   0x00011b5f      0x3c3 D:\Online Teaching\Udemy\Rev. Code\stm32f103c8-custom_hal_lib\Debug\libstm32f103c8-custom_hal_lib.a(stm32f1xx_hal_cortex.o)
 .debug_macro   0x00011f22      0x3c9 D:\Online Teaching\Udemy\Rev. Code\stm32f103c8-custom_hal_lib\Debug\libstm32f103c8-custom_hal_lib.a(stm32f1xx_hal_dma.o)
 .debug_macro   0x000122eb      0x433 D:\Online Teaching\Udemy\Rev. Code\stm32f103c8-custom_hal_lib\Debug\libstm32f103c8-custom_hal_lib.a(stm32f1xx_hal_gpio.o)
 .debug_macro   0x0001271e      0x3d5 D:\Online Teaching\Udemy\Rev. Code\stm32f103c8-custom_hal_lib\Debug\libstm32f103c8-custom_hal_lib.a(stm32f1xx_hal_rcc.o)
 .debug_macro   0x00012af3      0x3c3 D:\Online Teaching\Udemy\Rev. Code\stm32f103c8-custom_hal_lib\Debug\libstm32f103c8-custom_hal_lib.a(stm32f1xx_hal_rcc_ex.o)
 .debug_macro   0x00012eb6      0x3c4 D:\Online Teaching\Udemy\Rev. Code\stm32f103c8-custom_hal_lib\Debug\libstm32f103c8-custom_hal_lib.a(stm32f1xx_hal_tim.o)
 .debug_macro   0x0001327a      0x3c3 D:\Online Teaching\Udemy\Rev. Code\stm32f103c8-custom_hal_lib\Debug\libstm32f103c8-custom_hal_lib.a(stm32f1xx_hal_tim_ex.o)

.debug_line     0x00000000     0xb4cf
 .debug_line    0x00000000      0xa7f src/main.o
 .debug_line    0x00000a7f      0xa05 src/stm32f4xx_it.o
 .debug_line    0x00001484      0x9c7 src/system_stm32f1xx.o
 .debug_line    0x00001e4b       0x79 startup/startup_stm32.o
 .debug_line    0x00001ec4      0xaf9 D:\Online Teaching\Udemy\Rev. Code\stm32f103c8-custom_hal_lib\Debug\libstm32f103c8-custom_hal_lib.a(stm32f1xx_hal.o)
 .debug_line    0x000029bd      0xf6f D:\Online Teaching\Udemy\Rev. Code\stm32f103c8-custom_hal_lib\Debug\libstm32f103c8-custom_hal_lib.a(stm32f1xx_hal_adc.o)
 .debug_line    0x0000392c      0xd8e D:\Online Teaching\Udemy\Rev. Code\stm32f103c8-custom_hal_lib\Debug\libstm32f103c8-custom_hal_lib.a(stm32f1xx_hal_adc_ex.o)
 .debug_line    0x000046ba      0xc2e D:\Online Teaching\Udemy\Rev. Code\stm32f103c8-custom_hal_lib\Debug\libstm32f103c8-custom_hal_lib.a(stm32f1xx_hal_cortex.o)
 .debug_line    0x000052e8      0xf55 D:\Online Teaching\Udemy\Rev. Code\stm32f103c8-custom_hal_lib\Debug\libstm32f103c8-custom_hal_lib.a(stm32f1xx_hal_dma.o)
 .debug_line    0x0000623d      0xb77 D:\Online Teaching\Udemy\Rev. Code\stm32f103c8-custom_hal_lib\Debug\libstm32f103c8-custom_hal_lib.a(stm32f1xx_hal_gpio.o)
 .debug_line    0x00006db4     0x1431 D:\Online Teaching\Udemy\Rev. Code\stm32f103c8-custom_hal_lib\Debug\libstm32f103c8-custom_hal_lib.a(stm32f1xx_hal_rcc.o)
 .debug_line    0x000081e5      0xacd D:\Online Teaching\Udemy\Rev. Code\stm32f103c8-custom_hal_lib\Debug\libstm32f103c8-custom_hal_lib.a(stm32f1xx_hal_rcc_ex.o)
 .debug_line    0x00008cb2     0x18ff D:\Online Teaching\Udemy\Rev. Code\stm32f103c8-custom_hal_lib\Debug\libstm32f103c8-custom_hal_lib.a(stm32f1xx_hal_tim.o)
 .debug_line    0x0000a5b1      0xf1e D:\Online Teaching\Udemy\Rev. Code\stm32f103c8-custom_hal_lib\Debug\libstm32f103c8-custom_hal_lib.a(stm32f1xx_hal_tim_ex.o)

.debug_str      0x00000000    0x726c2
 .debug_str     0x00000000    0x700c6 src/main.o
                              0x7055b (size before relaxing)
 .debug_str     0x000700c6       0x51 src/stm32f4xx_it.o
                              0x6fc75 (size before relaxing)
 .debug_str     0x00070117       0xd9 src/system_stm32f1xx.o
                              0x6fa7d (size before relaxing)
 .debug_str     0x000701f0      0x2f5 D:\Online Teaching\Udemy\Rev. Code\stm32f103c8-custom_hal_lib\Debug\libstm32f103c8-custom_hal_lib.a(stm32f1xx_hal.o)
                              0x6fffc (size before relaxing)
 .debug_str     0x000704e5      0x37e D:\Online Teaching\Udemy\Rev. Code\stm32f103c8-custom_hal_lib\Debug\libstm32f103c8-custom_hal_lib.a(stm32f1xx_hal_adc.o)
                              0x7007e (size before relaxing)
 .debug_str     0x00070863      0x227 D:\Online Teaching\Udemy\Rev. Code\stm32f103c8-custom_hal_lib\Debug\libstm32f103c8-custom_hal_lib.a(stm32f1xx_hal_adc_ex.o)
                              0x70015 (size before relaxing)
 .debug_str     0x00070a8a      0x29a D:\Online Teaching\Udemy\Rev. Code\stm32f103c8-custom_hal_lib\Debug\libstm32f103c8-custom_hal_lib.a(stm32f1xx_hal_cortex.o)
                              0x70053 (size before relaxing)
 .debug_str     0x00070d24      0x162 D:\Online Teaching\Udemy\Rev. Code\stm32f103c8-custom_hal_lib\Debug\libstm32f103c8-custom_hal_lib.a(stm32f1xx_hal_dma.o)
                              0x6fcb5 (size before relaxing)
 .debug_str     0x00070e86      0x3e8 D:\Online Teaching\Udemy\Rev. Code\stm32f103c8-custom_hal_lib\Debug\libstm32f103c8-custom_hal_lib.a(stm32f1xx_hal_gpio.o)
                              0x6fe38 (size before relaxing)
 .debug_str     0x0007126e      0x23e D:\Online Teaching\Udemy\Rev. Code\stm32f103c8-custom_hal_lib\Debug\libstm32f103c8-custom_hal_lib.a(stm32f1xx_hal_rcc.o)
                              0x6fdc8 (size before relaxing)
 .debug_str     0x000714ac       0xb5 D:\Online Teaching\Udemy\Rev. Code\stm32f103c8-custom_hal_lib\Debug\libstm32f103c8-custom_hal_lib.a(stm32f1xx_hal_rcc_ex.o)
                              0x6fb55 (size before relaxing)
 .debug_str     0x00071561      0xca9 D:\Online Teaching\Udemy\Rev. Code\stm32f103c8-custom_hal_lib\Debug\libstm32f103c8-custom_hal_lib.a(stm32f1xx_hal_tim.o)
                              0x70a64 (size before relaxing)
 .debug_str     0x0007220a      0x4b8 D:\Online Teaching\Udemy\Rev. Code\stm32f103c8-custom_hal_lib\Debug\libstm32f103c8-custom_hal_lib.a(stm32f1xx_hal_tim_ex.o)
                              0x702f9 (size before relaxing)

.comment        0x00000000       0x6e
 .comment       0x00000000       0x6e src/main.o
                                 0x6f (size before relaxing)
 .comment       0x0000006e       0x6f src/stm32f4xx_it.o
 .comment       0x0000006e       0x6f src/system_stm32f1xx.o
 .comment       0x0000006e       0x6f D:\Online Teaching\Udemy\Rev. Code\stm32f103c8-custom_hal_lib\Debug\libstm32f103c8-custom_hal_lib.a(stm32f1xx_hal.o)
 .comment       0x0000006e       0x6f D:\Online Teaching\Udemy\Rev. Code\stm32f103c8-custom_hal_lib\Debug\libstm32f103c8-custom_hal_lib.a(stm32f1xx_hal_adc.o)
 .comment       0x0000006e       0x6f D:\Online Teaching\Udemy\Rev. Code\stm32f103c8-custom_hal_lib\Debug\libstm32f103c8-custom_hal_lib.a(stm32f1xx_hal_adc_ex.o)
 .comment       0x0000006e       0x6f D:\Online Teaching\Udemy\Rev. Code\stm32f103c8-custom_hal_lib\Debug\libstm32f103c8-custom_hal_lib.a(stm32f1xx_hal_cortex.o)
 .comment       0x0000006e       0x6f D:\Online Teaching\Udemy\Rev. Code\stm32f103c8-custom_hal_lib\Debug\libstm32f103c8-custom_hal_lib.a(stm32f1xx_hal_dma.o)
 .comment       0x0000006e       0x6f D:\Online Teaching\Udemy\Rev. Code\stm32f103c8-custom_hal_lib\Debug\libstm32f103c8-custom_hal_lib.a(stm32f1xx_hal_gpio.o)
 .comment       0x0000006e       0x6f D:\Online Teaching\Udemy\Rev. Code\stm32f103c8-custom_hal_lib\Debug\libstm32f103c8-custom_hal_lib.a(stm32f1xx_hal_rcc.o)
 .comment       0x0000006e       0x6f D:\Online Teaching\Udemy\Rev. Code\stm32f103c8-custom_hal_lib\Debug\libstm32f103c8-custom_hal_lib.a(stm32f1xx_hal_rcc_ex.o)
 .comment       0x0000006e       0x6f D:\Online Teaching\Udemy\Rev. Code\stm32f103c8-custom_hal_lib\Debug\libstm32f103c8-custom_hal_lib.a(stm32f1xx_hal_tim.o)
 .comment       0x0000006e       0x6f D:\Online Teaching\Udemy\Rev. Code\stm32f103c8-custom_hal_lib\Debug\libstm32f103c8-custom_hal_lib.a(stm32f1xx_hal_tim_ex.o)

.debug_frame    0x00000000     0x2a68
 .debug_frame   0x00000000      0x16c src/main.o
 .debug_frame   0x0000016c       0x64 src/stm32f4xx_it.o
 .debug_frame   0x000001d0       0x58 src/system_stm32f1xx.o
 .debug_frame   0x00000228      0x278 D:\Online Teaching\Udemy\Rev. Code\stm32f103c8-custom_hal_lib\Debug\libstm32f103c8-custom_hal_lib.a(stm32f1xx_hal.o)
 .debug_frame   0x000004a0      0x410 D:\Online Teaching\Udemy\Rev. Code\stm32f103c8-custom_hal_lib\Debug\libstm32f103c8-custom_hal_lib.a(stm32f1xx_hal_adc.o)
 .debug_frame   0x000008b0      0x208 D:\Online Teaching\Udemy\Rev. Code\stm32f103c8-custom_hal_lib\Debug\libstm32f103c8-custom_hal_lib.a(stm32f1xx_hal_adc_ex.o)
 .debug_frame   0x00000ab8      0x428 D:\Online Teaching\Udemy\Rev. Code\stm32f103c8-custom_hal_lib\Debug\libstm32f103c8-custom_hal_lib.a(stm32f1xx_hal_cortex.o)
 .debug_frame   0x00000ee0      0x194 D:\Online Teaching\Udemy\Rev. Code\stm32f103c8-custom_hal_lib\Debug\libstm32f103c8-custom_hal_lib.a(stm32f1xx_hal_dma.o)
 .debug_frame   0x00001074      0x14c D:\Online Teaching\Udemy\Rev. Code\stm32f103c8-custom_hal_lib\Debug\libstm32f103c8-custom_hal_lib.a(stm32f1xx_hal_gpio.o)
 .debug_frame   0x000011c0      0x220 D:\Online Teaching\Udemy\Rev. Code\stm32f103c8-custom_hal_lib\Debug\libstm32f103c8-custom_hal_lib.a(stm32f1xx_hal_rcc.o)
 .debug_frame   0x000013e0       0x84 D:\Online Teaching\Udemy\Rev. Code\stm32f103c8-custom_hal_lib\Debug\libstm32f103c8-custom_hal_lib.a(stm32f1xx_hal_rcc_ex.o)
 .debug_frame   0x00001464      0xfb4 D:\Online Teaching\Udemy\Rev. Code\stm32f103c8-custom_hal_lib\Debug\libstm32f103c8-custom_hal_lib.a(stm32f1xx_hal_tim.o)
 .debug_frame   0x00002418      0x54c D:\Online Teaching\Udemy\Rev. Code\stm32f103c8-custom_hal_lib\Debug\libstm32f103c8-custom_hal_lib.a(stm32f1xx_hal_tim_ex.o)
 .debug_frame   0x00002964       0x2c c:/ac6/systemworkbench/plugins/fr.ac6.mcu.externaltools.arm-none.win32_1.7.0.201602121829/tools/compiler/bin/../lib/gcc/arm-none-eabi/5.2.1/../../../../arm-none-eabi/lib/armv7-m\libc.a(lib_a-init.o)
 .debug_frame   0x00002990       0x50 c:/ac6/systemworkbench/plugins/fr.ac6.mcu.externaltools.arm-none.win32_1.7.0.201602121829/tools/compiler/bin/../lib/gcc/arm-none-eabi/5.2.1/../../../../arm-none-eabi/lib/armv7-m\libc.a(lib_a-__call_atexit.o)
 .debug_frame   0x000029e0       0x20 c:/ac6/systemworkbench/plugins/fr.ac6.mcu.externaltools.arm-none.win32_1.7.0.201602121829/tools/compiler/bin/../lib/gcc/arm-none-eabi/5.2.1/../../../../arm-none-eabi/lib/armv7-m\libc.a(lib_a-atexit.o)
 .debug_frame   0x00002a00       0x34 c:/ac6/systemworkbench/plugins/fr.ac6.mcu.externaltools.arm-none.win32_1.7.0.201602121829/tools/compiler/bin/../lib/gcc/arm-none-eabi/5.2.1/../../../../arm-none-eabi/lib/armv7-m\libc.a(lib_a-fini.o)
 .debug_frame   0x00002a34       0x34 c:/ac6/systemworkbench/plugins/fr.ac6.mcu.externaltools.arm-none.win32_1.7.0.201602121829/tools/compiler/bin/../lib/gcc/arm-none-eabi/5.2.1/../../../../arm-none-eabi/lib/armv7-m\libc.a(lib_a-__atexit.o)
