Archive member included to satisfy reference by file (symbol)

D:\Online Teaching\Udemy\Rev. Code\stm32f103c8-custom_hal_lib\Debug\libstm32f103c8-custom_hal_lib.a(stm32f1xx_hal.o)
                              src/main.o (HAL_Init)
D:\Online Teaching\Udemy\Rev. Code\stm32f103c8-custom_hal_lib\Debug\libstm32f103c8-custom_hal_lib.a(stm32f1xx_hal_cortex.o)
                              D:\Online Teaching\Udemy\Rev. Code\stm32f103c8-custom_hal_lib\Debug\libstm32f103c8-custom_hal_lib.a(stm32f1xx_hal.o) (HAL_NVIC_SetPriorityGrouping)
D:\Online Teaching\Udemy\Rev. Code\stm32f103c8-custom_hal_lib\Debug\libstm32f103c8-custom_hal_lib.a(stm32f1xx_hal_gpio.o)
                              src/main.o (HAL_GPIO_Init)
D:\Online Teaching\Udemy\Rev. Code\stm32f103c8-custom_hal_lib\Debug\libstm32f103c8-custom_hal_lib.a(stm32f1xx_hal_rcc.o)
                              src/main.o (HAL_RCC_OscConfig)
c:/ac6/systemworkbench/plugins/fr.ac6.mcu.externaltools.arm-none.win32_1.7.0.201602121829/tools/compiler/bin/../lib/gcc/arm-none-eabi/5.2.1/../../../../arm-none-eabi/lib/armv7-m\libc.a(lib_a-errno.o)
                              src/syscalls.o (__errno)
c:/ac6/systemworkbench/plugins/fr.ac6.mcu.externaltools.arm-none.win32_1.7.0.201602121829/tools/compiler/bin/../lib/gcc/arm-none-eabi/5.2.1/../../../../arm-none-eabi/lib/armv7-m\libc.a(lib_a-exit.o)
                              c:/ac6/systemworkbench/plugins/fr.ac6.mcu.externaltools.arm-none.win32_1.7.0.201602121829/tools/compiler/bin/../lib/gcc/arm-none-eabi/5.2.1/../../../../arm-none-eabi/lib/armv7-m/crt0.o (exit)
c:/ac6/systemworkbench/plugins/fr.ac6.mcu.externaltools.arm-none.win32_1.7.0.201602121829/tools/compiler/bin/../lib/gcc/arm-none-eabi/5.2.1/../../../../arm-none-eabi/lib/armv7-m\libc.a(lib_a-impure.o)
                              c:/ac6/systemworkbench/plugins/fr.ac6.mcu.externaltools.arm-none.win32_1.7.0.201602121829/tools/compiler/bin/../lib/gcc/arm-none-eabi/5.2.1/../../../../arm-none-eabi/lib/armv7-m\libc.a(lib_a-exit.o) (_global_impure_ptr)
c:/ac6/systemworkbench/plugins/fr.ac6.mcu.externaltools.arm-none.win32_1.7.0.201602121829/tools/compiler/bin/../lib/gcc/arm-none-eabi/5.2.1/../../../../arm-none-eabi/lib/armv7-m\libc.a(lib_a-init.o)
                              c:/ac6/systemworkbench/plugins/fr.ac6.mcu.externaltools.arm-none.win32_1.7.0.201602121829/tools/compiler/bin/../lib/gcc/arm-none-eabi/5.2.1/../../../../arm-none-eabi/lib/armv7-m/crt0.o (__libc_init_array)
c:/ac6/systemworkbench/plugins/fr.ac6.mcu.externaltools.arm-none.win32_1.7.0.201602121829/tools/compiler/bin/../lib/gcc/arm-none-eabi/5.2.1/../../../../arm-none-eabi/lib/armv7-m\libc.a(lib_a-memset.o)
                              c:/ac6/systemworkbench/plugins/fr.ac6.mcu.externaltools.arm-none.win32_1.7.0.201602121829/tools/compiler/bin/../lib/gcc/arm-none-eabi/5.2.1/../../../../arm-none-eabi/lib/armv7-m/crt0.o (memset)
c:/ac6/systemworkbench/plugins/fr.ac6.mcu.externaltools.arm-none.win32_1.7.0.201602121829/tools/compiler/bin/../lib/gcc/arm-none-eabi/5.2.1/../../../../arm-none-eabi/lib/armv7-m\libc.a(lib_a-__call_atexit.o)
                              c:/ac6/systemworkbench/plugins/fr.ac6.mcu.externaltools.arm-none.win32_1.7.0.201602121829/tools/compiler/bin/../lib/gcc/arm-none-eabi/5.2.1/../../../../arm-none-eabi/lib/armv7-m\libc.a(lib_a-exit.o) (__call_exitprocs)
c:/ac6/systemworkbench/plugins/fr.ac6.mcu.externaltools.arm-none.win32_1.7.0.201602121829/tools/compiler/bin/../lib/gcc/arm-none-eabi/5.2.1/../../../../arm-none-eabi/lib/armv7-m\libc.a(lib_a-atexit.o)
                              c:/ac6/systemworkbench/plugins/fr.ac6.mcu.externaltools.arm-none.win32_1.7.0.201602121829/tools/compiler/bin/../lib/gcc/arm-none-eabi/5.2.1/../../../../arm-none-eabi/lib/armv7-m\libc.a(lib_a-__call_atexit.o) (atexit)
c:/ac6/systemworkbench/plugins/fr.ac6.mcu.externaltools.arm-none.win32_1.7.0.201602121829/tools/compiler/bin/../lib/gcc/arm-none-eabi/5.2.1/../../../../arm-none-eabi/lib/armv7-m\libc.a(lib_a-fini.o)
                              c:/ac6/systemworkbench/plugins/fr.ac6.mcu.externaltools.arm-none.win32_1.7.0.201602121829/tools/compiler/bin/../lib/gcc/arm-none-eabi/5.2.1/../../../../arm-none-eabi/lib/armv7-m\libc.a(lib_a-__call_atexit.o) (__libc_fini_array)
c:/ac6/systemworkbench/plugins/fr.ac6.mcu.externaltools.arm-none.win32_1.7.0.201602121829/tools/compiler/bin/../lib/gcc/arm-none-eabi/5.2.1/../../../../arm-none-eabi/lib/armv7-m\libc.a(lib_a-__atexit.o)
                              c:/ac6/systemworkbench/plugins/fr.ac6.mcu.externaltools.arm-none.win32_1.7.0.201602121829/tools/compiler/bin/../lib/gcc/arm-none-eabi/5.2.1/../../../../arm-none-eabi/lib/armv7-m\libc.a(lib_a-atexit.o) (__register_exitproc)

Discarded input sections

 .text          0x00000000        0x0 c:/ac6/systemworkbench/plugins/fr.ac6.mcu.externaltools.arm-none.win32_1.7.0.201602121829/tools/compiler/bin/../lib/gcc/arm-none-eabi/5.2.1/armv7-m/crti.o
[...]
Memory Configuration

Name             Origin             Length             Attributes
RAM              0x20000000         0x00005000         xrw
ROM              0x08000000         0x00010000         xr
*default*        0x00000000         0xffffffff

Linker script and memory map

LOAD c:/ac6/systemworkbench/plugins/fr.ac6.mcu.externaltools.arm-none.win32_1.7.0.201602121829/tools/compiler/bin/../lib/gcc/arm-none-eabi/5.2.1/armv7-m/crti.o
LOAD c:/ac6/systemworkbench/plugins/fr.ac6.mcu.externaltools.arm-none.win32_1.7.0.201602121829/tools/compiler/bin/../lib/gcc/arm-none-eabi/5.2.1/armv7-m/crtbegin.o
LOAD c:/ac6/systemworkbench/plugins/fr.ac6.mcu.externaltools.arm-none.win32_1.7.0.201602121829/tools/compiler/bin/../lib/gcc/arm-none-eabi/5.2.1/../../../../arm-none-eabi/lib/armv7-m/crt0.o
LOAD src/main.o
LOAD src/stm32f4xx_it.o
LOAD src/syscalls.o
LOAD src/system_stm32f1xx.o
LOAD startup/startup_stm32.o
LOAD D:\Online Teaching\Udemy\Rev. Code\stm32f103c8-custom_hal_lib\Debug\libstm32f103c8-custom_hal_lib.a
LOAD c:/ac6/systemworkbench/plugins/fr.ac6.mcu.externaltools.arm-none.win32_1.7.0.201602121829/tools/compiler/bin/../lib/gcc/arm-none-eabi/5.2.1/../../../../arm-none-eabi/lib/armv7-m\libstdc++.a
LOAD c:/ac6/systemworkbench/plugins/fr.ac6.mcu.externaltools.arm-none.win32_1.7.0.201602121829/tools/compiler/bin/../lib/gcc/arm-none-eabi/5.2.1/../../../../arm-none-eabi/lib/armv7-m\libm.a
START GROUP
LOAD c:/ac6/systemworkbench/plugins/fr.ac6.mcu.externaltools.arm-none.win32_1.7.0.201602121829/tools/compiler/bin/../lib/gcc/arm-none-eabi/5.2.1/armv7-m\libgcc.a
LOAD c:/ac6/systemworkbench/plugins/fr.ac6.mcu.externaltools.arm-none.win32_1.7.0.201602121829/tools/compiler/bin/../lib/gcc/arm-none-eabi/5.2.1/../../../../arm-none-eabi/lib/armv7-m\libc.a
END GROUP
LOAD c:/ac6/systemworkbench/plugins/fr.ac6.mcu.externaltools.arm-none.win32_1.7.0.201602121829/tools/compiler/bin/../lib/gcc/arm-none-eabi/5.2.1/armv7-m/crtend.o
LOAD c:/ac6/systemworkbench/plugins/fr.ac6.mcu.externaltools.arm-none.win32_1.7.0.201602121829/tools/compiler/bin/../lib/gcc/arm-none-eabi/5.2.1/armv7-m/crtn.o
                0x20005000                _estack = 0x20005000
                0x00000000                _Min_Heap_Size = 0x0
                0x00000400                _Min_Stack_Size = 0x400

.isr_vector     0x08000000      0x188
                0x08000000                . = ALIGN (0x4)
 *(.isr_vector)
 .isr_vector    0x08000000      0x188 startup/startup_stm32.o
                0x08000000                g_pfnVectors
                0x08000188                . = ALIGN (0x4)

.text           0x08000188     0x2110
                0x08000188                . = ALIGN (0x4)
 *(.text)
 .text          0x08000188       0xa4 c:/ac6/systemworkbench/plugins/fr.ac6.mcu.externaltools.arm-none.win32_1.7.0.201602121829/tools/compiler/bin/../lib/gcc/arm-none-eabi/5.2.1/armv7-m/crtbegin.o
 *(.text*)
 .text.main     0x0800022c       0x44 src/main.o
                0x0800022c                main
 .text.RCC_SystemClock_Config
                0x08000270       0x6c src/main.o
                0x08000270                RCC_SystemClock_Config
 .text.GPIO_Output_Config
                0x080002dc       0x48 src/main.o
                0x080002dc                GPIO_Output_Config
 .text.GPIO_Input_Config
                0x08000324       0x48 src/main.o
                0x08000324                GPIO_Input_Config
 .text.Error_Handler
                0x0800036c        0x8 src/main.o
                0x0800036c                Error_Handler
 .text.SysTick_Handler
                0x08000374       0x10 src/stm32f4xx_it.o
                0x08000374                SysTick_Handler
 .text.SystemInit
                0x08000384       0x68 src/system_stm32f1xx.o
                0x08000384                SystemInit
 .text.Reset_Handler
                0x080003ec       0x48 startup/startup_stm32.o
                0x080003ec                Reset_Handler
 .text.Default_Handler
                0x08000434        0x2 startup/startup_stm32.o
                0x08000434                DebugMon_Handler
                0x08000434                HardFault_Handler
                0x08000434                PendSV_Handler
                0x08000434                NMI_Handler
                0x08000434                UsageFault_Handler
                0x08000434                Default_Handler
                0x08000434                MemManage_Handler
                0x08000434                SVC_Handler
                0x08000434                BusFault_Handler
 *fill*         0x08000436        0x2 
 .text.HAL_Init
                0x08000438       0x2c D:\Online Teaching\Udemy\Rev. Code\stm32f103c8-custom_hal_lib\Debug\libstm32f103c8-custom_hal_lib.a(stm32f1xx_hal.o)
                0x08000438                HAL_Init
 .text.HAL_MspInit
                0x08000464        0xc D:\Online Teaching\Udemy\Rev. Code\stm32f103c8-custom_hal_lib\Debug\libstm32f103c8-custom_hal_lib.a(stm32f1xx_hal.o)
                0x08000464                HAL_MspInit
 .text.HAL_InitTick
                0x08000470       0x38 D:\Online Teaching\Udemy\Rev. Code\stm32f103c8-custom_hal_lib\Debug\libstm32f103c8-custom_hal_lib.a(stm32f1xx_hal.o)
                0x08000470                HAL_InitTick
 .text.HAL_IncTick
                0x080004a8       0x1c D:\Online Teaching\Udemy\Rev. Code\stm32f103c8-custom_hal_lib\Debug\libstm32f103c8-custom_hal_lib.a(stm32f1xx_hal.o)
                0x080004a8                HAL_IncTick
 .text.HAL_GetTick
                0x080004c4       0x14 D:\Online Teaching\Udemy\Rev. Code\stm32f103c8-custom_hal_lib\Debug\libstm32f103c8-custom_hal_lib.a(stm32f1xx_hal.o)
                0x080004c4                HAL_GetTick
 .text.HAL_Delay
                0x080004d8       0x2c D:\Online Teaching\Udemy\Rev. Code\stm32f103c8-custom_hal_lib\Debug\libstm32f103c8-custom_hal_lib.a(stm32f1xx_hal.o)
                0x080004d8                HAL_Delay
 .text.NVIC_SetPriorityGrouping
                0x08000504       0x48 D:\Online Teaching\Udemy\Rev. Code\stm32f103c8-custom_hal_lib\Debug\libstm32f103c8-custom_hal_lib.a(stm32f1xx_hal_cortex.o)
 .text.NVIC_GetPriorityGrouping
                0x0800054c       0x1c D:\Online Teaching\Udemy\Rev. Code\stm32f103c8-custom_hal_lib\Debug\libstm32f103c8-custom_hal_lib.a(stm32f1xx_hal_cortex.o)
 .text.NVIC_SetPriority
                0x08000568       0x54 D:\Online Teaching\Udemy\Rev. Code\stm32f103c8-custom_hal_lib\Debug\libstm32f103c8-custom_hal_lib.a(stm32f1xx_hal_cortex.o)
 .text.NVIC_EncodePriority
                0x080005bc       0x60 D:\Online Teaching\Udemy\Rev. Code\stm32f103c8-custom_hal_lib\Debug\libstm32f103c8-custom_hal_lib.a(stm32f1xx_hal_cortex.o)
 .text.SysTick_Config
                0x0800061c       0x44 D:\Online Teaching\Udemy\Rev. Code\stm32f103c8-custom_hal_lib\Debug\libstm32f103c8-custom_hal_lib.a(stm32f1xx_hal_cortex.o)
 .text.HAL_NVIC_SetPriorityGrouping
                0x08000660       0x18 D:\Online Teaching\Udemy\Rev. Code\stm32f103c8-custom_hal_lib\Debug\libstm32f103c8-custom_hal_lib.a(stm32f1xx_hal_cortex.o)
                0x08000660                HAL_NVIC_SetPriorityGrouping
 .text.HAL_NVIC_SetPriority
                0x08000678       0x38 D:\Online Teaching\Udemy\Rev. Code\stm32f103c8-custom_hal_lib\Debug\libstm32f103c8-custom_hal_lib.a(stm32f1xx_hal_cortex.o)
                0x08000678                HAL_NVIC_SetPriority
 .text.HAL_SYSTICK_Config
                0x080006b0       0x18 D:\Online Teaching\Udemy\Rev. Code\stm32f103c8-custom_hal_lib\Debug\libstm32f103c8-custom_hal_lib.a(stm32f1xx_hal_cortex.o)
                0x080006b0                HAL_SYSTICK_Config
 .text.HAL_SYSTICK_IRQHandler
                0x080006c8        0xc D:\Online Teaching\Udemy\Rev. Code\stm32f103c8-custom_hal_lib\Debug\libstm32f103c8-custom_hal_lib.a(stm32f1xx_hal_cortex.o)
                0x080006c8                HAL_SYSTICK_IRQHandler
 .text.HAL_SYSTICK_Callback
                0x080006d4        0xc D:\Online Teaching\Udemy\Rev. Code\stm32f103c8-custom_hal_lib\Debug\libstm32f103c8-custom_hal_lib.a(stm32f1xx_hal_cortex.o)
                0x080006d4                HAL_SYSTICK_Callback
 .text.HAL_GPIO_Init
                0x080006e0      0x2bc D:\Online Teaching\Udemy\Rev. Code\stm32f103c8-custom_hal_lib\Debug\libstm32f103c8-custom_hal_lib.a(stm32f1xx_hal_gpio.o)
                0x080006e0                HAL_GPIO_Init
 .text.HAL_GPIO_ReadPin
                0x0800099c       0x30 D:\Online Teaching\Udemy\Rev. Code\stm32f103c8-custom_hal_lib\Debug\libstm32f103c8-custom_hal_lib.a(stm32f1xx_hal_gpio.o)
                0x0800099c                HAL_GPIO_ReadPin
 .text.HAL_GPIO_WritePin
                0x080009cc       0x30 D:\Online Teaching\Udemy\Rev. Code\stm32f103c8-custom_hal_lib\Debug\libstm32f103c8-custom_hal_lib.a(stm32f1xx_hal_gpio.o)
                0x080009cc                HAL_GPIO_WritePin
 .text.HAL_RCC_OscConfig
                0x080009fc     0x1028 D:\Online Teaching\Udemy\Rev. Code\stm32f103c8-custom_hal_lib\Debug\libstm32f103c8-custom_hal_lib.a(stm32f1xx_hal_rcc.o)
                0x080009fc                HAL_RCC_OscConfig
 .text.HAL_RCC_ClockConfig
                0x08001a24      0x5dc D:\Online Teaching\Udemy\Rev. Code\stm32f103c8-custom_hal_lib\Debug\libstm32f103c8-custom_hal_lib.a(stm32f1xx_hal_rcc.o)
                0x08001a24                HAL_RCC_ClockConfig
 .text.HAL_RCC_GetSysClockFreq
                0x08002000       0xf4 D:\Online Teaching\Udemy\Rev. Code\stm32f103c8-custom_hal_lib\Debug\libstm32f103c8-custom_hal_lib.a(stm32f1xx_hal_rcc.o)
                0x08002000                HAL_RCC_GetSysClockFreq
 .text.HAL_RCC_GetHCLKFreq
                0x080020f4       0x50 D:\Online Teaching\Udemy\Rev. Code\stm32f103c8-custom_hal_lib\Debug\libstm32f103c8-custom_hal_lib.a(stm32f1xx_hal_rcc.o)
                0x080020f4                HAL_RCC_GetHCLKFreq
 .text.__libc_init_array
                0x08002144       0x50 c:/ac6/systemworkbench/plugins/fr.ac6.mcu.externaltools.arm-none.win32_1.7.0.201602121829/tools/compiler/bin/../lib/gcc/arm-none-eabi/5.2.1/../../../../arm-none-eabi/lib/armv7-m\libc.a(lib_a-init.o)
                0x08002144                __libc_init_array
 .text.startup.register_fini
                0x08002194       0x14 c:/ac6/systemworkbench/plugins/fr.ac6.mcu.externaltools.arm-none.win32_1.7.0.201602121829/tools/compiler/bin/../lib/gcc/arm-none-eabi/5.2.1/../../../../arm-none-eabi/lib/armv7-m\libc.a(lib_a-__call_atexit.o)
 .text.atexit   0x080021a8        0xc c:/ac6/systemworkbench/plugins/fr.ac6.mcu.externaltools.arm-none.win32_1.7.0.201602121829/tools/compiler/bin/../lib/gcc/arm-none-eabi/5.2.1/../../../../arm-none-eabi/lib/armv7-m\libc.a(lib_a-atexit.o)
                0x080021a8                atexit
 .text.__libc_fini_array
                0x080021b4       0x28 c:/ac6/systemworkbench/plugins/fr.ac6.mcu.externaltools.arm-none.win32_1.7.0.201602121829/tools/compiler/bin/../lib/gcc/arm-none-eabi/5.2.1/../../../../arm-none-eabi/lib/armv7-m\libc.a(lib_a-fini.o)
                0x080021b4                __libc_fini_array
 .text.__register_exitproc
                0x080021dc       0xa4 c:/ac6/systemworkbench/plugins/fr.ac6.mcu.externaltools.arm-none.win32_1.7.0.201602121829/tools/compiler/bin/../lib/gcc/arm-none-eabi/5.2.1/../../../../arm-none-eabi/lib/armv7-m\libc.a(lib_a-__atexit.o)
                0x080021dc                __register_exitproc
 *(.glue_7)
 .glue_7        0x08002280        0x0 linker stubs
 *(.glue_7t)
 .glue_7t       0x08002280        0x0 linker stubs
 *(.eh_frame)
 .eh_frame      0x08002280        0x0 c:/ac6/systemworkbench/plugins/fr.ac6.mcu.externaltools.arm-none.win32_1.7.0.201602121829/tools/compiler/bin/../lib/gcc/arm-none-eabi/5.2.1/armv7-m/crtbegin.o
 *(.init)
 .init          0x08002280        0x4 c:/ac6/systemworkbench/plugins/fr.ac6.mcu.externaltools.arm-none.win32_1.7.0.201602121829/tools/compiler/bin/../lib/gcc/arm-none-eabi/5.2.1/armv7-m/crti.o
                0x08002280                _init
 .init          0x08002284        0x8 c:/ac6/systemworkbench/plugins/fr.ac6.mcu.externaltools.arm-none.win32_1.7.0.201602121829/tools/compiler/bin/../lib/gcc/arm-none-eabi/5.2.1/armv7-m/crtn.o
 *(.fini)
 .fini          0x0800228c        0x4 c:/ac6/systemworkbench/plugins/fr.ac6.mcu.externaltools.arm-none.win32_1.7.0.201602121829/tools/compiler/bin/../lib/gcc/arm-none-eabi/5.2.1/armv7-m/crti.o
                0x0800228c                _fini
 .fini          0x08002290        0x8 c:/ac6/systemworkbench/plugins/fr.ac6.mcu.externaltools.arm-none.win32_1.7.0.201602121829/tools/compiler/bin/../lib/gcc/arm-none-eabi/5.2.1/armv7-m/crtn.o
                0x08002298                . = ALIGN (0x4)
                0x08002298                _etext = .

.vfp11_veneer   0x08002298        0x0
 .vfp11_veneer  0x08002298        0x0 linker stubs

.v4_bx          0x08002298        0x0
 .v4_bx         0x08002298        0x0 linker stubs

.iplt           0x08002298        0x0
 .iplt          0x08002298        0x0 c:/ac6/systemworkbench/plugins/fr.ac6.mcu.externaltools.arm-none.win32_1.7.0.201602121829/tools/compiler/bin/../lib/gcc/arm-none-eabi/5.2.1/armv7-m/crtbegin.o

.rodata         0x08002298       0x2c
                0x08002298                . = ALIGN (0x4)
 *(.rodata)
 .rodata        0x08002298       0x22 D:\Online Teaching\Udemy\Rev. Code\stm32f103c8-custom_hal_lib\Debug\libstm32f103c8-custom_hal_lib.a(stm32f1xx_hal_rcc.o)
                0x08002298                aAPBAHBPrescTable
 *(.rodata*)
 *fill*         0x080022ba        0x2 
 .rodata.str1.4
                0x080022bc        0x4 c:/ac6/systemworkbench/plugins/fr.ac6.mcu.externaltools.arm-none.win32_1.7.0.201602121829/tools/compiler/bin/../lib/gcc/arm-none-eabi/5.2.1/../../../../arm-none-eabi/lib/armv7-m\libc.a(lib_a-impure.o)
                                  0x2 (size before relaxing)
 .rodata._global_impure_ptr
                0x080022c0        0x4 c:/ac6/systemworkbench/plugins/fr.ac6.mcu.externaltools.arm-none.win32_1.7.0.201602121829/tools/compiler/bin/../lib/gcc/arm-none-eabi/5.2.1/../../../../arm-none-eabi/lib/armv7-m\libc.a(lib_a-impure.o)
                0x080022c0                _global_impure_ptr
                0x080022c4                . = ALIGN (0x4)

.rel.dyn        0x080022c4        0x0
 .rel.iplt      0x080022c4        0x0 c:/ac6/systemworkbench/plugins/fr.ac6.mcu.externaltools.arm-none.win32_1.7.0.201602121829/tools/compiler/bin/../lib/gcc/arm-none-eabi/5.2.1/armv7-m/crtbegin.o

.ARM.extab      0x080022c4        0x0
                0x080022c4                . = ALIGN (0x4)
 *(.ARM.extab* .gnu.linkonce.armextab.*)
                0x080022c4                . = ALIGN (0x4)

.ARM            0x080022c4        0x0
                0x080022c4                . = ALIGN (0x4)
                0x080022c4                __exidx_start = .
 *(.ARM.exidx*)
                0x080022c4                __exidx_end = .
                0x080022c4                . = ALIGN (0x4)

.preinit_array  0x080022c4        0x0
                0x080022c4                . = ALIGN (0x4)
                0x080022c4                PROVIDE (__preinit_array_start, .)
 *(.preinit_array*)
                0x080022c4                PROVIDE (__preinit_array_end, .)
                0x080022c4                . = ALIGN (0x4)

.init_array     0x080022c4        0x8
                0x080022c4                . = ALIGN (0x4)
                0x080022c4                PROVIDE (__init_array_start, .)
 *(SORT(.init_array.*))
 .init_array.00000
                0x080022c4        0x4 c:/ac6/systemworkbench/plugins/fr.ac6.mcu.externaltools.arm-none.win32_1.7.0.201602121829/tools/compiler/bin/../lib/gcc/arm-none-eabi/5.2.1/../../../../arm-none-eabi/lib/armv7-m\libc.a(lib_a-__call_atexit.o)
 *(.init_array*)
 .init_array    0x080022c8        0x4 c:/ac6/systemworkbench/plugins/fr.ac6.mcu.externaltools.arm-none.win32_1.7.0.201602121829/tools/compiler/bin/../lib/gcc/arm-none-eabi/5.2.1/armv7-m/crtbegin.o
                0x080022cc                PROVIDE (__init_array_end, .)
                0x080022cc                . = ALIGN (0x4)

.fini_array     0x080022cc        0x4
                0x080022cc                . = ALIGN (0x4)
                0x080022cc                PROVIDE (__fini_array_start, .)
 *(SORT(.fini_array.*))
 *(.fini_array*)
 .fini_array    0x080022cc        0x4 c:/ac6/systemworkbench/plugins/fr.ac6.mcu.externaltools.arm-none.win32_1.7.0.201602121829/tools/compiler/bin/../lib/gcc/arm-none-eabi/5.2.1/armv7-m/crtbegin.o
                0x080022d0                PROVIDE (__fini_array_end, .)
                0x080022d0                . = ALIGN (0x4)
                0x080022d0                _sidata = LOADADDR (.data)

.data           0x20000000      0x430 load address 0x080022d0
                0x20000000                . = ALIGN (0x4)
                0x20000000                _sdata = .
 *(.data)
 .data          0x20000000        0x4 src/system_stm32f1xx.o
                0x20000000                SystemCoreClock
 *(.data*)
 *fill*         0x20000004        0x4 
 .data.impure_data
                0x20000008      0x428 c:/ac6/systemworkbench/plugins/fr.ac6.mcu.externaltools.arm-none.win32_1.7.0.201602121829/tools/compiler/bin/../lib/gcc/arm-none-eabi/5.2.1/../../../../arm-none-eabi/lib/armv7-m\libc.a(lib_a-impure.o)
                0x20000430                . = ALIGN (0x4)
                0x20000430                _edata = .

.jcr            0x20000430        0x0 load address 0x08002700
 .jcr           0x20000430        0x0 c:/ac6/systemworkbench/plugins/fr.ac6.mcu.externaltools.arm-none.win32_1.7.0.201602121829/tools/compiler/bin/../lib/gcc/arm-none-eabi/5.2.1/armv7-m/crtbegin.o

.tm_clone_table
                0x20000430        0x0 load address 0x08002700
 .tm_clone_table
                0x20000430        0x0 c:/ac6/systemworkbench/plugins/fr.ac6.mcu.externaltools.arm-none.win32_1.7.0.201602121829/tools/compiler/bin/../lib/gcc/arm-none-eabi/5.2.1/armv7-m/crtbegin.o
 .tm_clone_table
                0x20000430        0x0 c:/ac6/systemworkbench/plugins/fr.ac6.mcu.externaltools.arm-none.win32_1.7.0.201602121829/tools/compiler/bin/../lib/gcc/arm-none-eabi/5.2.1/armv7-m/crtend.o

.igot.plt       0x20000430        0x0 load address 0x08002700
 .igot.plt      0x20000430        0x0 c:/ac6/systemworkbench/plugins/fr.ac6.mcu.externaltools.arm-none.win32_1.7.0.201602121829/tools/compiler/bin/../lib/gcc/arm-none-eabi/5.2.1/armv7-m/crtbegin.o
                0x20000430                . = ALIGN (0x4)

.bss            0x20000430       0x20 load address 0x08002700
                0x20000430                _sbss = .
                0x20000430                __bss_start__ = _sbss
 *(.bss)
 .bss           0x20000430       0x1c c:/ac6/systemworkbench/plugins/fr.ac6.mcu.externaltools.arm-none.win32_1.7.0.201602121829/tools/compiler/bin/../lib/gcc/arm-none-eabi/5.2.1/armv7-m/crtbegin.o
 .bss           0x2000044c        0x4 D:\Online Teaching\Udemy\Rev. Code\stm32f103c8-custom_hal_lib\Debug\libstm32f103c8-custom_hal_lib.a(stm32f1xx_hal.o)
 *(.bss*)
 *(COMMON)
                0x20000450                . = ALIGN (0x4)
                0x20000450                _ebss = .
                0x20000450                __bss_end__ = _ebss

._user_heap_stack
                0x20000450      0x400 load address 0x08002700
                0x20000450                . = ALIGN (0x8)
                0x20000450                PROVIDE (end, .)
                [!provide]                PROVIDE (_end, .)
                0x20000450                . = (. + _Min_Heap_Size)
                0x20000850                . = (. + _Min_Stack_Size)
 *fill*         0x20000450      0x400 
                0x20000850                . = ALIGN (0x8)

/DISCARD/
 libc.a(*)
 libm.a(*)
 libgcc.a(*)

.ARM.attributes
                0x00000000       0x29
 *(.ARM.attributes)
 .ARM.attributes
                0x00000000       0x1d c:/ac6/systemworkbench/plugins/fr.ac6.mcu.externaltools.arm-none.win32_1.7.0.201602121829/tools/compiler/bin/../lib/gcc/arm-none-eabi/5.2.1/armv7-m/crti.o
 .ARM.attributes
                0x0000001d       0x2d c:/ac6/systemworkbench/plugins/fr.ac6.mcu.externaltools.arm-none.win32_1.7.0.201602121829/tools/compiler/bin/../lib/gcc/arm-none-eabi/5.2.1/armv7-m/crtbegin.o
 .ARM.attributes
                0x0000004a       0x33 src/main.o
 .ARM.attributes
                0x0000007d       0x33 src/stm32f4xx_it.o
 .ARM.attributes
                0x000000b0       0x33 src/system_stm32f1xx.o
 .ARM.attributes
                0x000000e3       0x21 startup/startup_stm32.o
 .ARM.attributes
                0x00000104       0x33 D:\Online Teaching\Udemy\Rev. Code\stm32f103c8-custom_hal_lib\Debug\libstm32f103c8-custom_hal_lib.a(stm32f1xx_hal.o)
 .ARM.attributes
                0x00000137       0x33 D:\Online Teaching\Udemy\Rev. Code\stm32f103c8-custom_hal_lib\Debug\libstm32f103c8-custom_hal_lib.a(stm32f1xx_hal_cortex.o)
 .ARM.attributes
                0x0000016a       0x33 D:\Online Teaching\Udemy\Rev. Code\stm32f103c8-custom_hal_lib\Debug\libstm32f103c8-custom_hal_lib.a(stm32f1xx_hal_gpio.o)
 .ARM.attributes
                0x0000019d       0x33 D:\Online Teaching\Udemy\Rev. Code\stm32f103c8-custom_hal_lib\Debug\libstm32f103c8-custom_hal_lib.a(stm32f1xx_hal_rcc.o)
 .ARM.attributes
                0x000001d0       0x2d c:/ac6/systemworkbench/plugins/fr.ac6.mcu.externaltools.arm-none.win32_1.7.0.201602121829/tools/compiler/bin/../lib/gcc/arm-none-eabi/5.2.1/../../../../arm-none-eabi/lib/armv7-m\libc.a(lib_a-impure.o)
 .ARM.attributes
                0x000001fd       0x2d c:/ac6/systemworkbench/plugins/fr.ac6.mcu.externaltools.arm-none.win32_1.7.0.201602121829/tools/compiler/bin/../lib/gcc/arm-none-eabi/5.2.1/../../../../arm-none-eabi/lib/armv7-m\libc.a(lib_a-init.o)
 .ARM.attributes
                0x0000022a       0x2d c:/ac6/systemworkbench/plugins/fr.ac6.mcu.externaltools.arm-none.win32_1.7.0.201602121829/tools/compiler/bin/../lib/gcc/arm-none-eabi/5.2.1/../../../../arm-none-eabi/lib/armv7-m\libc.a(lib_a-__call_atexit.o)
 .ARM.attributes
                0x00000257       0x2d c:/ac6/systemworkbench/plugins/fr.ac6.mcu.externaltools.arm-none.win32_1.7.0.201602121829/tools/compiler/bin/../lib/gcc/arm-none-eabi/5.2.1/../../../../arm-none-eabi/lib/armv7-m\libc.a(lib_a-atexit.o)
 .ARM.attributes
                0x00000284       0x2d c:/ac6/systemworkbench/plugins/fr.ac6.mcu.externaltools.arm-none.win32_1.7.0.201602121829/tools/compiler/bin/../lib/gcc/arm-none-eabi/5.2.1/../../../../arm-none-eabi/lib/armv7-m\libc.a(lib_a-fini.o)
 .ARM.attributes
                0x000002b1       0x2d c:/ac6/systemworkbench/plugins/fr.ac6.mcu.externaltools.arm-none.win32_1.7.0.201602121829/tools/compiler/bin/../lib/gcc/arm-none-eabi/5.2.1/../../../../arm-none-eabi/lib/armv7-m\libc.a(lib_a-__atexit.o)
 .ARM.attributes
                0x000002de       0x2d c:/ac6/systemworkbench/plugins/fr.ac6.mcu.externaltools.arm-none.win32_1.7.0.201602121829/tools/compiler/bin/../lib/gcc/arm-none-eabi/5.2.1/armv7-m/crtend.o
 .ARM.attributes
                0x0000030b       0x1d c:/ac6/systemworkbench/plugins/fr.ac6.mcu.externaltools.arm-none.win32_1.7.0.201602121829/tools/compiler/bin/../lib/gcc/arm-none-eabi/5.2.1/armv7-m/crtn.o
OUTPUT(stm32f103-hal-gpio-input.elf elf32-littlearm)

.debug_info     0x00000000     0x366f
 .debug_info    0x00000000      0x441 src/main.o
 .debug_info    0x00000441       0xbd src/stm32f4xx_it.o
 .debug_info    0x000004fe      0x3a8 src/system_stm32f1xx.o
 .debug_info    0x000008a6       0x82 startup/startup_stm32.o
 .debug_info    0x00000928      0x5e7 D:\Online Teaching\Udemy\Rev. Code\stm32f103c8-custom_hal_lib\Debug\libstm32f103c8-custom_hal_lib.a(stm32f1xx_hal.o)
 .debug_info    0x00000f0f      0xaae D:\Online Teaching\Udemy\Rev. Code\stm32f103c8-custom_hal_lib\Debug\libstm32f103c8-custom_hal_lib.a(stm32f1xx_hal_cortex.o)
 .debug_info    0x000019bd      0x5f9 D:\Online Teaching\Udemy\Rev. Code\stm32f103c8-custom_hal_lib\Debug\libstm32f103c8-custom_hal_lib.a(stm32f1xx_hal_gpio.o)
 .debug_info    0x00001fb6     0x16b9 D:\Online Teaching\Udemy\Rev. Code\stm32f103c8-custom_hal_lib\Debug\libstm32f103c8-custom_hal_lib.a(stm32f1xx_hal_rcc.o)

.debug_abbrev   0x00000000      0xb99
 .debug_abbrev  0x00000000      0x131 src/main.o
 .debug_abbrev  0x00000131       0x6a src/stm32f4xx_it.o
 .debug_abbrev  0x0000019b      0x125 src/system_stm32f1xx.o
 .debug_abbrev  0x000002c0       0x12 startup/startup_stm32.o
 .debug_abbrev  0x000002d2      0x1fb D:\Online Teaching\Udemy\Rev. Code\stm32f103c8-custom_hal_lib\Debug\libstm32f103c8-custom_hal_lib.a(stm32f1xx_hal.o)
 .debug_abbrev  0x000004cd      0x273 D:\Online Teaching\Udemy\Rev. Code\stm32f103c8-custom_hal_lib\Debug\libstm32f103c8-custom_hal_lib.a(stm32f1xx_hal_cortex.o)
 .debug_abbrev  0x00000740      0x1af D:\Online Teaching\Udemy\Rev. Code\stm32f103c8-custom_hal_lib\Debug\libstm32f103c8-custom_hal_lib.a(stm32f1xx_hal_gpio.o)
 .debug_abbrev  0x000008ef      0x2aa D:\Online Teaching\Udemy\Rev. Code\stm32f103c8-custom_hal_lib\Debug\libstm32f103c8-custom_hal_lib.a(stm32f1xx_hal_rcc.o)

.debug_aranges  0x00000000      0x340
 .debug_aranges
                0x00000000       0x40 src/main.o
 .debug_aranges
                0x00000040       0x20 src/stm32f4xx_it.o
 .debug_aranges
                0x00000060       0x28 src/system_stm32f1xx.o
 .debug_aranges
                0x00000088       0x28 startup/startup_stm32.o
 .debug_aranges
                0x000000b0       0xb0 D:\Online Teaching\Udemy\Rev. Code\stm32f103c8-custom_hal_lib\Debug\libstm32f103c8-custom_hal_lib.a(stm32f1xx_hal.o)
 .debug_aranges
                0x00000160      0x100 D:\Online Teaching\Udemy\Rev. Code\stm32f103c8-custom_hal_lib\Debug\libstm32f103c8-custom_hal_lib.a(stm32f1xx_hal_cortex.o)
 .debug_aranges
                0x00000260       0x58 D:\Online Teaching\Udemy\Rev. Code\stm32f103c8-custom_hal_lib\Debug\libstm32f103c8-custom_hal_lib.a(stm32f1xx_hal_gpio.o)
 .debug_aranges
                0x000002b8       0x88 D:\Online Teaching\Udemy\Rev. Code\stm32f103c8-custom_hal_lib\Debug\libstm32f103c8-custom_hal_lib.a(stm32f1xx_hal_rcc.o)

.debug_ranges   0x00000000      0x2c8
 .debug_ranges  0x00000000       0x30 src/main.o
 .debug_ranges  0x00000030       0x10 src/stm32f4xx_it.o
 .debug_ranges  0x00000040       0x18 src/system_stm32f1xx.o
 .debug_ranges  0x00000058       0x20 startup/startup_stm32.o
 .debug_ranges  0x00000078       0xa0 D:\Online Teaching\Udemy\Rev. Code\stm32f103c8-custom_hal_lib\Debug\libstm32f103c8-custom_hal_lib.a(stm32f1xx_hal.o)
 .debug_ranges  0x00000118       0xf0 D:\Online Teaching\Udemy\Rev. Code\stm32f103c8-custom_hal_lib\Debug\libstm32f103c8-custom_hal_lib.a(stm32f1xx_hal_cortex.o)
 .debug_ranges  0x00000208       0x48 D:\Online Teaching\Udemy\Rev. Code\stm32f103c8-custom_hal_lib\Debug\libstm32f103c8-custom_hal_lib.a(stm32f1xx_hal_gpio.o)
 .debug_ranges  0x00000250       0x78 D:\Online Teaching\Udemy\Rev. Code\stm32f103c8-custom_hal_lib\Debug\libstm32f103c8-custom_hal_lib.a(stm32f1xx_hal_rcc.o)

.debug_macro    0x00000000    0x11f75
 .debug_macro   0x00000000      0x3c3 src/main.o
 .debug_macro   0x000003c3      0x88c src/main.o
 .debug_macro   0x00000c4f      0x216 src/main.o
 .debug_macro   0x00000e65       0x28 src/main.o
 .debug_macro   0x00000e8d       0x22 src/main.o
 .debug_macro   0x00000eaf       0x22 src/main.o
 .debug_macro   0x00000ed1       0x44 src/main.o
 .debug_macro   0x00000f15       0xfd src/main.o
 .debug_macro   0x00001012       0x22 src/main.o
 .debug_macro   0x00001034      0x1df src/main.o
 .debug_macro   0x00001213       0x34 src/main.o
 .debug_macro   0x00001247       0x34 src/main.o
 .debug_macro   0x0000127b      0xb8e src/main.o
 .debug_macro   0x00001e09     0x69eb src/main.o
 .debug_macro   0x000087f4       0x43 src/main.o
 .debug_macro   0x00008837     0x31c3 src/main.o
 .debug_macro   0x0000b9fa       0x58 src/main.o
 .debug_macro   0x0000ba52       0x35 src/main.o
 .debug_macro   0x0000ba87       0x9c src/main.o
 .debug_macro   0x0000bb23       0x16 src/main.o
 .debug_macro   0x0000bb39       0x97 src/main.o
 .debug_macro   0x0000bbd0      0x329 src/main.o
 .debug_macro   0x0000bef9       0xfd src/main.o
 .debug_macro   0x0000bff6       0x10 src/main.o
 .debug_macro   0x0000c006       0x52 src/main.o
 .debug_macro   0x0000c058       0x16 src/main.o
 .debug_macro   0x0000c06e       0x43 src/main.o
 .debug_macro   0x0000c0b1      0x187 src/main.o
 .debug_macro   0x0000c238       0x10 src/main.o
 .debug_macro   0x0000c248       0x22 src/main.o
 .debug_macro   0x0000c26a       0x3a src/main.o
 .debug_macro   0x0000c2a4       0x10 src/main.o
 .debug_macro   0x0000c2b4       0x40 src/main.o
 .debug_macro   0x0000c2f4       0x65 src/main.o
 .debug_macro   0x0000c359       0x16 src/main.o
 .debug_macro   0x0000c36f      0x197 src/main.o
 .debug_macro   0x0000c506       0x57 src/main.o
 .debug_macro   0x0000c55d      0x77f src/main.o
 .debug_macro   0x0000ccdc      0x28b src/main.o
 .debug_macro   0x0000cf67      0x141 src/main.o
 .debug_macro   0x0000d0a8      0x197 src/main.o
 .debug_macro   0x0000d23f      0x1a7 src/main.o
 .debug_macro   0x0000d3e6       0x2d src/main.o
 .debug_macro   0x0000d413       0x3c src/main.o
 .debug_macro   0x0000d44f      0x401 src/main.o
 .debug_macro   0x0000d850       0x10 src/main.o
 .debug_macro   0x0000d860       0x57 src/main.o
 .debug_macro   0x0000d8b7      0x46a src/main.o
 .debug_macro   0x0000dd21      0x1b5 src/main.o
 .debug_macro   0x0000ded6       0x22 src/main.o
 .debug_macro   0x0000def8       0x8c src/main.o
 .debug_macro   0x0000df84      0x242 src/main.o
 .debug_macro   0x0000e1c6      0x225 src/main.o
 .debug_macro   0x0000e3eb       0x99 src/main.o
 .debug_macro   0x0000e484      0x143 src/main.o
 .debug_macro   0x0000e5c7      0x1ef src/main.o
 .debug_macro   0x0000e7b6       0xf2 src/main.o
 .debug_macro   0x0000e8a8      0x1f4 src/main.o
 .debug_macro   0x0000ea9c      0x83e src/main.o
 .debug_macro   0x0000f2da       0x11 src/main.o
 .debug_macro   0x0000f2eb      0x256 src/main.o
 .debug_macro   0x0000f541      0x225 src/main.o
 .debug_macro   0x0000f766      0x1a7 src/main.o
 .debug_macro   0x0000f90d      0x2d4 src/main.o
 .debug_macro   0x0000fbe1       0x8e src/main.o
 .debug_macro   0x0000fc6f       0x50 src/main.o
 .debug_macro   0x0000fcbf      0x26c src/main.o
 .debug_macro   0x0000ff2b       0x7c src/main.o
 .debug_macro   0x0000ffa7      0x3cd src/stm32f4xx_it.o
 .debug_macro   0x00010374      0x3c9 src/system_stm32f1xx.o
 .debug_macro   0x0001073d      0x3e7 D:\Online Teaching\Udemy\Rev. Code\stm32f103c8-custom_hal_lib\Debug\libstm32f103c8-custom_hal_lib.a(stm32f1xx_hal.o)
 .debug_macro   0x00010b24      0x886 D:\Online Teaching\Udemy\Rev. Code\stm32f103c8-custom_hal_lib\Debug\libstm32f103c8-custom_hal_lib.a(stm32f1xx_hal.o)
 .debug_macro   0x000113aa      0x3c3 D:\Online Teaching\Udemy\Rev. Code\stm32f103c8-custom_hal_lib\Debug\libstm32f103c8-custom_hal_lib.a(stm32f1xx_hal_cortex.o)
 .debug_macro   0x0001176d      0x433 D:\Online Teaching\Udemy\Rev. Code\stm32f103c8-custom_hal_lib\Debug\libstm32f103c8-custom_hal_lib.a(stm32f1xx_hal_gpio.o)
 .debug_macro   0x00011ba0      0x3d5 D:\Online Teaching\Udemy\Rev. Code\stm32f103c8-custom_hal_lib\Debug\libstm32f103c8-custom_hal_lib.a(stm32f1xx_hal_rcc.o)

.debug_line     0x00000000     0x54cb
 .debug_line    0x00000000      0x9e4 src/main.o
 .debug_line    0x000009e4      0x9d8 src/stm32f4xx_it.o
 .debug_line    0x000013bc      0x9c7 src/system_stm32f1xx.o
 .debug_line    0x00001d83       0x79 startup/startup_stm32.o
 .debug_line    0x00001dfc      0xaf9 D:\Online Teaching\Udemy\Rev. Code\stm32f103c8-custom_hal_lib\Debug\libstm32f103c8-custom_hal_lib.a(stm32f1xx_hal.o)
 .debug_line    0x000028f5      0xc2e D:\Online Teaching\Udemy\Rev. Code\stm32f103c8-custom_hal_lib\Debug\libstm32f103c8-custom_hal_lib.a(stm32f1xx_hal_cortex.o)
 .debug_line    0x00003523      0xb77 D:\Online Teaching\Udemy\Rev. Code\stm32f103c8-custom_hal_lib\Debug\libstm32f103c8-custom_hal_lib.a(stm32f1xx_hal_gpio.o)
 .debug_line    0x0000409a     0x1431 D:\Online Teaching\Udemy\Rev. Code\stm32f103c8-custom_hal_lib\Debug\libstm32f103c8-custom_hal_lib.a(stm32f1xx_hal_rcc.o)

.debug_str      0x00000000    0x70759
 .debug_str     0x00000000    0x6f82a src/main.o
                              0x6fb7b (size before relaxing)
 .debug_str     0x0006f82a       0x38 src/stm32f4xx_it.o
                              0x6f963 (size before relaxing)
 .debug_str     0x0006f862       0xd9 src/system_stm32f1xx.o
                              0x6fa73 (size before relaxing)
 .debug_str     0x0006f93b      0x559 D:\Online Teaching\Udemy\Rev. Code\stm32f103c8-custom_hal_lib\Debug\libstm32f103c8-custom_hal_lib.a(stm32f1xx_hal.o)
                              0x6fffc (size before relaxing)
 .debug_str     0x0006fe94      0x29a D:\Online Teaching\Udemy\Rev. Code\stm32f103c8-custom_hal_lib\Debug\libstm32f103c8-custom_hal_lib.a(stm32f1xx_hal_cortex.o)
                              0x70053 (size before relaxing)
 .debug_str     0x0007012e      0x3ed D:\Online Teaching\Udemy\Rev. Code\stm32f103c8-custom_hal_lib\Debug\libstm32f103c8-custom_hal_lib.a(stm32f1xx_hal_gpio.o)
                              0x6fe38 (size before relaxing)
 .debug_str     0x0007051b      0x23e D:\Online Teaching\Udemy\Rev. Code\stm32f103c8-custom_hal_lib\Debug\libstm32f103c8-custom_hal_lib.a(stm32f1xx_hal_rcc.o)
                              0x6fdc8 (size before relaxing)

.comment        0x00000000       0x6e
 .comment       0x00000000       0x6e src/main.o
                                 0x6f (size before relaxing)
 .comment       0x0000006e       0x6f src/stm32f4xx_it.o
 .comment       0x0000006e       0x6f src/system_stm32f1xx.o
 .comment       0x0000006e       0x6f D:\Online Teaching\Udemy\Rev. Code\stm32f103c8-custom_hal_lib\Debug\libstm32f103c8-custom_hal_lib.a(stm32f1xx_hal.o)
 .comment       0x0000006e       0x6f D:\Online Teaching\Udemy\Rev. Code\stm32f103c8-custom_hal_lib\Debug\libstm32f103c8-custom_hal_lib.a(stm32f1xx_hal_cortex.o)
 .comment       0x0000006e       0x6f D:\Online Teaching\Udemy\Rev. Code\stm32f103c8-custom_hal_lib\Debug\libstm32f103c8-custom_hal_lib.a(stm32f1xx_hal_gpio.o)
 .comment       0x0000006e       0x6f D:\Online Teaching\Udemy\Rev. Code\stm32f103c8-custom_hal_lib\Debug\libstm32f103c8-custom_hal_lib.a(stm32f1xx_hal_rcc.o)

.debug_frame    0x00000000      0xc44
 .debug_frame   0x00000000       0xb0 src/main.o
 .debug_frame   0x000000b0       0x2c src/stm32f4xx_it.o
 .debug_frame   0x000000dc       0x58 src/system_stm32f1xx.o
 .debug_frame   0x00000134      0x278 D:\Online Teaching\Udemy\Rev. Code\stm32f103c8-custom_hal_lib\Debug\libstm32f103c8-custom_hal_lib.a(stm32f1xx_hal.o)
 .debug_frame   0x000003ac      0x428 D:\Online Teaching\Udemy\Rev. Code\stm32f103c8-custom_hal_lib\Debug\libstm32f103c8-custom_hal_lib.a(stm32f1xx_hal_cortex.o)
 .debug_frame   0x000007d4      0x14c D:\Online Teaching\Udemy\Rev. Code\stm32f103c8-custom_hal_lib\Debug\libstm32f103c8-custom_hal_lib.a(stm32f1xx_hal_gpio.o)
 .debug_frame   0x00000920      0x220 D:\Online Teaching\Udemy\Rev. Code\stm32f103c8-custom_hal_lib\Debug\libstm32f103c8-custom_hal_lib.a(stm32f1xx_hal_rcc.o)
 .debug_frame   0x00000b40       0x2c c:/ac6/systemworkbench/plugins/fr.ac6.mcu.externaltools.arm-none.win32_1.7.0.201602121829/tools/compiler/bin/../lib/gcc/arm-none-eabi/5.2.1/../../../../arm-none-eabi/lib/armv7-m\libc.a(lib_a-init.o)
 .debug_frame   0x00000b6c       0x50 c:/ac6/systemworkbench/plugins/fr.ac6.mcu.externaltools.arm-none.win32_1.7.0.201602121829/tools/compiler/bin/../lib/gcc/arm-none-eabi/5.2.1/../../../../arm-none-eabi/lib/armv7-m\libc.a(lib_a-__call_atexit.o)
 .debug_frame   0x00000bbc       0x20 c:/ac6/systemworkbench/plugins/fr.ac6.mcu.externaltools.arm-none.win32_1.7.0.201602121829/tools/compiler/bin/../lib/gcc/arm-none-eabi/5.2.1/../../../../arm-none-eabi/lib/armv7-m\libc.a(lib_a-atexit.o)
 .debug_frame   0x00000bdc       0x34 c:/ac6/systemworkbench/plugins/fr.ac6.mcu.externaltools.arm-none.win32_1.7.0.201602121829/tools/compiler/bin/../lib/gcc/arm-none-eabi/5.2.1/../../../../arm-none-eabi/lib/armv7-m\libc.a(lib_a-fini.o)
 .debug_frame   0x00000c10       0x34 c:/ac6/systemworkbench/plugins/fr.ac6.mcu.externaltools.arm-none.win32_1.7.0.201602121829/tools/compiler/bin/../lib/gcc/arm-none-eabi/5.2.1/../../../../arm-none-eabi/lib/armv7-m\libc.a(lib_a-__atexit.o)
